Component: ARM Compiler 5.06 update 1 (build 61) Tool: armlink [4d35a8]

==============================================================================

Section Cross References

    startup_stm32f103xb.o(STACK) refers (Special) to heapauxi.o(.text) for __use_two_region_memory
    startup_stm32f103xb.o(HEAP) refers (Special) to heapauxi.o(.text) for __use_two_region_memory
    startup_stm32f103xb.o(RESET) refers (Special) to heapauxi.o(.text) for __use_two_region_memory
    startup_stm32f103xb.o(RESET) refers to startup_stm32f103xb.o(STACK) for __initial_sp
    startup_stm32f103xb.o(RESET) refers to startup_stm32f103xb.o(.text) for Reset_Handler
    startup_stm32f103xb.o(RESET) refers to stm32f1xx_it.o(i.NMI_Handler) for NMI_Handler
    startup_stm32f103xb.o(RESET) refers to stm32f1xx_it.o(i.HardFault_Handler) for HardFault_Handler
    startup_stm32f103xb.o(RESET) refers to stm32f1xx_it.o(i.MemManage_Handler) for MemManage_Handler
    startup_stm32f103xb.o(RESET) refers to stm32f1xx_it.o(i.BusFault_Handler) for BusFault_Handler
    startup_stm32f103xb.o(RESET) refers to stm32f1xx_it.o(i.UsageFault_Handler) for UsageFault_Handler
    startup_stm32f103xb.o(RESET) refers to stm32f1xx_it.o(i.SVC_Handler) for SVC_Handler
    startup_stm32f103xb.o(RESET) refers to stm32f1xx_it.o(i.DebugMon_Handler) for DebugMon_Handler
    startup_stm32f103xb.o(RESET) refers to stm32f1xx_it.o(i.PendSV_Handler) for PendSV_Handler
    startup_stm32f103xb.o(RESET) refers to stm32f1xx_it.o(i.SysTick_Handler) for SysTick_Handler
    startup_stm32f103xb.o(RESET) refers to stm32f1xx_it.o(i.USART1_IRQHandler) for USART1_IRQHandler
    startup_stm32f103xb.o(RESET) refers to stm32f1xx_it.o(i.USART2_IRQHandler) for USART2_IRQHandler
    startup_stm32f103xb.o(.text) refers (Special) to heapauxi.o(.text) for __use_two_region_memory
    startup_stm32f103xb.o(.text) refers to system_stm32f1xx.o(i.SystemInit) for SystemInit
    startup_stm32f103xb.o(.text) refers to __main.o(!!!main) for __main
    startup_stm32f103xb.o(.text) refers to startup_stm32f103xb.o(HEAP) for Heap_Mem
    startup_stm32f103xb.o(.text) refers to startup_stm32f103xb.o(STACK) for Stack_Mem
    main.o(i.SystemClock_Config) refers to rt_memclr_w.o(.text) for __aeabi_memclr4
    main.o(i.SystemClock_Config) refers to stm32f1xx_hal_rcc.o(i.HAL_RCC_OscConfig) for HAL_RCC_OscConfig
    main.o(i.SystemClock_Config) refers to stm32f1xx_hal_rcc.o(i.HAL_RCC_ClockConfig) for HAL_RCC_ClockConfig
    main.o(i.fputc) refers to stm32f1xx_hal_uart.o(i.HAL_UART_Transmit) for HAL_UART_Transmit
    main.o(i.fputc) refers to main.o(.bss) for .bss
    main.o(i.main) refers to _printf_percent.o(.ARM.Collect$$_printf_percent$$00000000) for _printf_percent
    main.o(i.main) refers to _printf_d.o(.ARM.Collect$$_printf_percent$$00000009) for _printf_d
    main.o(i.main) refers to _printf_f.o(.ARM.Collect$$_printf_percent$$00000003) for _printf_f
    main.o(i.main) refers to _printf_dec.o(.text) for _printf_int_dec
    main.o(i.main) refers to printf1.o(x$fpl$printf1) for _printf_fp_dec
    main.o(i.main) refers to stm32f1xx_hal.o(i.HAL_Init) for HAL_Init
    main.o(i.main) refers to main.o(i.SystemClock_Config) for SystemClock_Config
    main.o(i.main) refers to stm32f1xx_hal_uart.o(i.HAL_HalfDuplex_Init) for HAL_HalfDuplex_Init
    main.o(i.main) refers to stm32f1xx_hal_uart.o(i.HAL_UART_Init) for HAL_UART_Init
    main.o(i.main) refers to onewire.o(i.get_ROMid) for get_ROMid
    main.o(i.main) refers to onewire.o(i.get_Temperature) for get_Temperature
    main.o(i.main) refers to f2d.o(x$fpl$f2d) for __aeabi_f2d
    main.o(i.main) refers to noretval__2sprintf.o(.text) for __2sprintf
    main.o(i.main) refers to main.o(i.uprintf) for uprintf
    main.o(i.main) refers to stm32f1xx_hal.o(i.HAL_Delay) for HAL_Delay
    main.o(i.main) refers to main.o(.bss) for .bss
    main.o(i.main) refers to onewire.o(.data) for Temp
    main.o(i.main) refers to main.o(.data) for .data
    main.o(i.uprintf) refers to strlen.o(.text) for strlen
    main.o(i.uprintf) refers to stm32f1xx_hal_uart.o(i.HAL_UART_Transmit) for HAL_UART_Transmit
    main.o(i.uprintf) refers to main.o(.bss) for .bss
    stm32f1xx_it.o(i.SysTick_Handler) refers to stm32f1xx_hal.o(i.HAL_IncTick) for HAL_IncTick
    stm32f1xx_it.o(i.USART1_IRQHandler) refers to onewire.o(i.owReadHandler) for owReadHandler
    stm32f1xx_it.o(i.USART1_IRQHandler) refers to stm32f1xx_hal_uart.o(i.HAL_UART_IRQHandler) for HAL_UART_IRQHandler
    stm32f1xx_it.o(i.USART1_IRQHandler) refers to main.o(.bss) for huart1
    stm32f1xx_it.o(i.USART2_IRQHandler) refers to stm32f1xx_hal_uart.o(i.HAL_UART_IRQHandler) for HAL_UART_IRQHandler
    stm32f1xx_it.o(i.USART2_IRQHandler) refers to main.o(.bss) for huart2
    stm32f1xx_hal_msp.o(i.HAL_UART_MspDeInit) refers to stm32f1xx_hal_gpio.o(i.HAL_GPIO_DeInit) for HAL_GPIO_DeInit
    stm32f1xx_hal_msp.o(i.HAL_UART_MspDeInit) refers to stm32f1xx_hal_cortex.o(i.HAL_NVIC_DisableIRQ) for HAL_NVIC_DisableIRQ
[...]
    Removing stm32f1xx_hal_flash.o(i.HAL_FLASH_Unlock), (40 bytes).
    Removing stm32f1xx_hal_flash.o(.bss), (32 bytes).
    Removing stm32f1xx_hal_flash_ex.o(.rev16_text), (4 bytes).
    Removing stm32f1xx_hal_flash_ex.o(.revsh_text), (4 bytes).
    Removing stm32f1xx_hal_flash_ex.o(.rrx_text), (6 bytes).
    Removing stm32f1xx_hal_flash_ex.o(i.FLASH_MassErase), (36 bytes).
    Removing stm32f1xx_hal_flash_ex.o(i.FLASH_OB_DisableWRP), (176 bytes).
    Removing stm32f1xx_hal_flash_ex.o(i.FLASH_OB_EnableWRP), (176 bytes).
    Removing stm32f1xx_hal_flash_ex.o(i.FLASH_OB_GetRDP), (24 bytes).
    Removing stm32f1xx_hal_flash_ex.o(i.FLASH_OB_RDP_LevelConfig), (100 bytes).
    Removing stm32f1xx_hal_flash_ex.o(i.FLASH_PageErase), (36 bytes).
    Removing stm32f1xx_hal_flash_ex.o(i.HAL_FLASHEx_Erase), (168 bytes).
    Removing stm32f1xx_hal_flash_ex.o(i.HAL_FLASHEx_Erase_IT), (84 bytes).
    Removing stm32f1xx_hal_flash_ex.o(i.HAL_FLASHEx_OBErase), (84 bytes).
    Removing stm32f1xx_hal_flash_ex.o(i.HAL_FLASHEx_OBGetConfig), (36 bytes).
    Removing stm32f1xx_hal_flash_ex.o(i.HAL_FLASHEx_OBGetUserData), (32 bytes).
    Removing stm32f1xx_hal_flash_ex.o(i.HAL_FLASHEx_OBProgram), (200 bytes).
    Removing stm32f1xx_hal_exti.o(.rev16_text), (4 bytes).
    Removing stm32f1xx_hal_exti.o(.revsh_text), (4 bytes).
    Removing stm32f1xx_hal_exti.o(.rrx_text), (6 bytes).
    Removing stm32f1xx_hal_exti.o(i.HAL_EXTI_ClearConfigLine), (104 bytes).
    Removing stm32f1xx_hal_exti.o(i.HAL_EXTI_ClearPending), (20 bytes).
    Removing stm32f1xx_hal_exti.o(i.HAL_EXTI_GenerateSWI), (20 bytes).
    Removing stm32f1xx_hal_exti.o(i.HAL_EXTI_GetConfigLine), (144 bytes).
    Removing stm32f1xx_hal_exti.o(i.HAL_EXTI_GetHandle), (12 bytes).
    Removing stm32f1xx_hal_exti.o(i.HAL_EXTI_GetPending), (24 bytes).
    Removing stm32f1xx_hal_exti.o(i.HAL_EXTI_IRQHandler), (36 bytes).
    Removing stm32f1xx_hal_exti.o(i.HAL_EXTI_RegisterCallback), (14 bytes).
    Removing stm32f1xx_hal_exti.o(i.HAL_EXTI_SetConfigLine), (164 bytes).
    Removing system_stm32f1xx.o(.rev16_text), (4 bytes).
    Removing system_stm32f1xx.o(.revsh_text), (4 bytes).
    Removing system_stm32f1xx.o(.rrx_text), (6 bytes).
    Removing system_stm32f1xx.o(i.SystemCoreClockUpdate), (104 bytes).
    Removing onewire.o(.rev16_text), (4 bytes).
    Removing onewire.o(.revsh_text), (4 bytes).
    Removing onewire.o(.rrx_text), (6 bytes).
    Removing onewire.o(i.USART_ReceiveData), (8 bytes).
    Removing onewire.o(i.USART_SendData), (8 bytes).
    Removing onewire.o(i.bitsToByte), (30 bytes).
    Removing onewire.o(i.getUsartIndex), (4 bytes).
    Removing onewire.o(i.owCopyScratchpadCmd), (18 bytes).
    Removing onewire.o(i.owRecallE2Cmd), (18 bytes).
    Removing onewire.o(i.owSkipRomCmd), (16 bytes).
    Removing onewire.o(i.owWriteDS18B20Scratchpad), (50 bytes).
    Removing onewire.o(.data), (1 bytes).

234 unused section(s) (total 10209 bytes) removed from the image.

==============================================================================

Image Symbol Table

    Local Symbols

    Symbol Name                              Value     Ov Type        Size  Object(Section)

    ../Core/Src/main.c                       0x00000000   Number         0  main.o ABSOLUTE
    ../Core/Src/stm32f1xx_hal_msp.c          0x00000000   Number         0  stm32f1xx_hal_msp.o ABSOLUTE
    ../Core/Src/stm32f1xx_it.c               0x00000000   Number         0  stm32f1xx_it.o ABSOLUTE
    ../Core/Src/system_stm32f1xx.c           0x00000000   Number         0  system_stm32f1xx.o ABSOLUTE
    ../Drivers/STM32F1xx_HAL_Driver/Src/stm32f1xx_hal.c 0x00000000   Number         0  stm32f1xx_hal.o ABSOLUTE
    ../Drivers/STM32F1xx_HAL_Driver/Src/stm32f1xx_hal_cortex.c 0x00000000   Number         0  stm32f1xx_hal_cortex.o ABSOLUTE
    ../Drivers/STM32F1xx_HAL_Driver/Src/stm32f1xx_hal_dma.c 0x00000000   Number         0  stm32f1xx_hal_dma.o ABSOLUTE
    ../Drivers/STM32F1xx_HAL_Driver/Src/stm32f1xx_hal_exti.c 0x00000000   Number         0  stm32f1xx_hal_exti.o ABSOLUTE
    ../Drivers/STM32F1xx_HAL_Driver/Src/stm32f1xx_hal_flash.c 0x00000000   Number         0  stm32f1xx_hal_flash.o ABSOLUTE
    ../Drivers/STM32F1xx_HAL_Driver/Src/stm32f1xx_hal_flash_ex.c 0x00000000   Number         0  stm32f1xx_hal_flash_ex.o ABSOLUTE
    ../Drivers/STM32F1xx_HAL_Driver/Src/stm32f1xx_hal_gpio.c 0x00000000   Number         0  stm32f1xx_hal_gpio.o ABSOLUTE
    ../Drivers/STM32F1xx_HAL_Driver/Src/stm32f1xx_hal_gpio_ex.c 0x00000000   Number         0  stm32f1xx_hal_gpio_ex.o ABSOLUTE
    ../Drivers/STM32F1xx_HAL_Driver/Src/stm32f1xx_hal_pwr.c 0x00000000   Number         0  stm32f1xx_hal_pwr.o ABSOLUTE
    ../Drivers/STM32F1xx_HAL_Driver/Src/stm32f1xx_hal_rcc.c 0x00000000   Number         0  stm32f1xx_hal_rcc.o ABSOLUTE
    ../Drivers/STM32F1xx_HAL_Driver/Src/stm32f1xx_hal_rcc_ex.c 0x00000000   Number         0  stm32f1xx_hal_rcc_ex.o ABSOLUTE
    ../Drivers/STM32F1xx_HAL_Driver/Src/stm32f1xx_hal_tim.c 0x00000000   Number         0  stm32f1xx_hal_tim.o ABSOLUTE
    ../Drivers/STM32F1xx_HAL_Driver/Src/stm32f1xx_hal_tim_ex.c 0x00000000   Number         0  stm32f1xx_hal_tim_ex.o ABSOLUTE
    ../Drivers/STM32F1xx_HAL_Driver/Src/stm32f1xx_hal_uart.c 0x00000000   Number         0  stm32f1xx_hal_uart.o ABSOLUTE
    ../clib/angel/boardlib.s                 0x00000000   Number         0  boardinit2.o ABSOLUTE
    ../clib/angel/boardlib.s                 0x00000000   Number         0  boardinit1.o ABSOLUTE
    ../clib/angel/boardlib.s                 0x00000000   Number         0  boardinit3.o ABSOLUTE
    ../clib/angel/boardlib.s                 0x00000000   Number         0  boardshut.o ABSOLUTE
    ../clib/angel/handlers.s                 0x00000000   Number         0  __scatter_copy.o ABSOLUTE
    ../clib/angel/handlers.s                 0x00000000   Number         0  __scatter_zi.o ABSOLUTE
    ../clib/angel/kernel.s                   0x00000000   Number         0  rtexit2.o ABSOLUTE
    ../clib/angel/kernel.s                   0x00000000   Number         0  __rtentry.o ABSOLUTE
    ../clib/angel/kernel.s                   0x00000000   Number         0  __rtentry4.o ABSOLUTE
    ../clib/angel/kernel.s                   0x00000000   Number         0  __rtentry2.o ABSOLUTE
    ../clib/angel/kernel.s                   0x00000000   Number         0  rtexit.o ABSOLUTE
    ../clib/angel/rt.s                       0x00000000   Number         0  rt_raise.o ABSOLUTE
    ../clib/angel/rt.s                       0x00000000   Number         0  rt_locale_intlibspace.o ABSOLUTE
    ../clib/angel/rt.s                       0x00000000   Number         0  rt_locale.o ABSOLUTE
    ../clib/angel/scatter.s                  0x00000000   Number         0  __scatter.o ABSOLUTE
    ../clib/angel/startup.s                  0x00000000   Number         0  __main.o ABSOLUTE
    ../clib/angel/sys.s                      0x00000000   Number         0  use_no_semi.o ABSOLUTE
    ../clib/angel/sys.s                      0x00000000   Number         0  libspace.o ABSOLUTE
    ../clib/angel/sys.s                      0x00000000   Number         0  indicate_semi.o ABSOLUTE
    ../clib/angel/sys.s                      0x00000000   Number         0  sys_stackheap_outer.o ABSOLUTE
    ../clib/angel/sysapp.c                   0x00000000   Number         0  sys_wrch.o ABSOLUTE
    ../clib/angel/sysapp.c                   0x00000000   Number         0  sys_command.o ABSOLUTE
    ../clib/angel/sysapp.c                   0x00000000   Number         0  sys_exit.o ABSOLUTE
    ../clib/armsys.c                         0x00000000   Number         0  argv_veneer.o ABSOLUTE
    ../clib/armsys.c                         0x00000000   Number         0  no_argv.o ABSOLUTE
    ../clib/armsys.c                         0x00000000   Number         0  _get_argv_nomalloc.o ABSOLUTE
    ../clib/armsys.c                         0x00000000   Number         0  argv_veneer.o ABSOLUTE
    ../clib/bigflt.c                         0x00000000   Number         0  bigflt0.o ABSOLUTE
    ../clib/btod.s                           0x00000000   Number         0  btod.o ABSOLUTE
    ../clib/heapalloc.c                      0x00000000   Number         0  hrguard.o ABSOLUTE
    ../clib/heapaux.c                        0x00000000   Number         0  heapauxi.o ABSOLUTE
    ../clib/libinit.s                        0x00000000   Number         0  libshutdown2.o ABSOLUTE
    ../clib/libinit.s                        0x00000000   Number         0  libshutdown.o ABSOLUTE
    ../clib/libinit.s                        0x00000000   Number         0  libinit2.o ABSOLUTE
    ../clib/libinit.s                        0x00000000   Number         0  libinit.o ABSOLUTE
    ../clib/locale.s                         0x00000000   Number         0  lc_numeric_c.o ABSOLUTE
    ../clib/longlong.s                       0x00000000   Number         0  llushr.o ABSOLUTE
    ../clib/longlong.s                       0x00000000   Number         0  lludiv10.o ABSOLUTE
    ../clib/memcpset.s                       0x00000000   Number         0  rt_memclr_w.o ABSOLUTE
    ../clib/memcpset.s                       0x00000000   Number         0  strcmpv7m.o ABSOLUTE
    ../clib/misc.s                           0x00000000   Number         0  printf_stubs.o ABSOLUTE
    ../clib/printf.c                         0x00000000   Number         0  _printf_hex_ll_ptr.o ABSOLUTE
    ../clib/printf.c                         0x00000000   Number         0  _printf_hex_int_ptr.o ABSOLUTE
    ../clib/printf.c                         0x00000000   Number         0  __2sprintf.o ABSOLUTE
    ../clib/printf.c                         0x00000000   Number         0  _printf_hex_int.o ABSOLUTE
    ../clib/printf.c                         0x00000000   Number         0  _printf_dec.o ABSOLUTE
    ../clib/printf.c                         0x00000000   Number         0  _sputc.o ABSOLUTE
    ../clib/printf.c                         0x00000000   Number         0  _printf_fp_infnan.o ABSOLUTE
    ../clib/printf.c                         0x00000000   Number         0  _printf_hex_ll.o ABSOLUTE
    ../clib/printf.c                         0x00000000   Number         0  _printf_pad.o ABSOLUTE
    ../clib/printf.c                         0x00000000   Number         0  _printf_hex_int_ll_ptr.o ABSOLUTE
    ../clib/printf.c                         0x00000000   Number         0  __printf_flags.o ABSOLUTE
    ../clib/printf.c                         0x00000000   Number         0  __printf_ss.o ABSOLUTE
    ../clib/printf.c                         0x00000000   Number         0  __printf_flags_ss.o ABSOLUTE
    ../clib/printf.c                         0x00000000   Number         0  __printf_wp.o ABSOLUTE
    ../clib/printf.c                         0x00000000   Number         0  __printf.o ABSOLUTE
    ../clib/printf.c                         0x00000000   Number         0  __printf_flags_wp.o ABSOLUTE
    ../clib/printf.c                         0x00000000   Number         0  _printf_hex_int_ll.o ABSOLUTE
    ../clib/printf.c                         0x00000000   Number         0  __printf_nopercent.o ABSOLUTE
    ../clib/printf.c                         0x00000000   Number         0  __printf_ss_wp.o ABSOLUTE
    ../clib/printf.c                         0x00000000   Number         0  _printf_fp_dec.o ABSOLUTE
    ../clib/printf.c                         0x00000000   Number         0  noretval__2sprintf.o ABSOLUTE
    ../clib/printf.c                         0x00000000   Number         0  _printf_intcommon.o ABSOLUTE
    ../clib/printf.c                         0x00000000   Number         0  _printf_hex_ptr.o ABSOLUTE
    ../clib/printf.c                         0x00000000   Number         0  _printf_char_common.o ABSOLUTE
    ../clib/printf.c                         0x00000000   Number         0  __printf_flags_ss_wp.o ABSOLUTE
    ../clib/printf_percent.s                 0x00000000   Number         0  _printf_f.o ABSOLUTE
    ../clib/printf_percent.s                 0x00000000   Number         0  _printf_percent_end.o ABSOLUTE
    ../clib/printf_percent.s                 0x00000000   Number         0  _printf_d.o ABSOLUTE
    ../clib/printf_percent.s                 0x00000000   Number         0  _printf_x.o ABSOLUTE
    ../clib/printf_percent.s                 0x00000000   Number         0  _printf_percent.o ABSOLUTE
    ../clib/signal.c                         0x00000000   Number         0  defsig_rtmem_formal.o ABSOLUTE
    ../clib/signal.c                         0x00000000   Number         0  defsig_pvfn_inner.o ABSOLUTE
    ../clib/signal.c                         0x00000000   Number         0  defsig_exit.o ABSOLUTE
    ../clib/signal.c                         0x00000000   Number         0  defsig_rtmem_outer.o ABSOLUTE
    ../clib/signal.c                         0x00000000   Number         0  defsig_other.o ABSOLUTE
    ../clib/signal.c                         0x00000000   Number         0  defsig_rtmem_inner.o ABSOLUTE
    ../clib/signal.c                         0x00000000   Number         0  defsig_segv_inner.o ABSOLUTE
    ../clib/signal.c                         0x00000000   Number         0  defsig_cppl_inner.o ABSOLUTE
    ../clib/signal.c                         0x00000000   Number         0  defsig_stak_inner.o ABSOLUTE
    ../clib/signal.c                         0x00000000   Number         0  defsig_rtred_inner.o ABSOLUTE
    ../clib/signal.c                         0x00000000   Number         0  defsig_fpe_inner.o ABSOLUTE
    ../clib/signal.c                         0x00000000   Number         0  __raise.o ABSOLUTE
    ../clib/signal.c                         0x00000000   Number         0  defsig_general.o ABSOLUTE
    ../clib/signal.c                         0x00000000   Number         0  defsig_abrt_inner.o ABSOLUTE
    ../clib/signal.s                         0x00000000   Number         0  defsig.o ABSOLUTE
    ../clib/stdlib.c                         0x00000000   Number         0  exit.o ABSOLUTE
    ../clib/string.c                         0x00000000   Number         0  strlen.o ABSOLUTE
    ../fplib/dretinf.s                       0x00000000   Number         0  dretinf.o ABSOLUTE
    ../fplib/f2d.s                           0x00000000   Number         0  f2d.o ABSOLUTE
    ../fplib/fdiv.s                          0x00000000   Number         0  fdiv.o ABSOLUTE
    ../fplib/fflt.s                          0x00000000   Number         0  fflt_clz.o ABSOLUTE
    ../fplib/fnaninf.s                       0x00000000   Number         0  fnaninf.o ABSOLUTE
    ../fplib/fpinit.s                        0x00000000   Number         0  fpinit.o ABSOLUTE
    ../fplib/fretinf.s                       0x00000000   Number         0  fretinf.o ABSOLUTE
    ../fplib/istatus.s                       0x00000000   Number         0  istatus.o ABSOLUTE
    ../fplib/printf1.s                       0x00000000   Number         0  printf1.o ABSOLUTE
    ../fplib/usenofp.s                       0x00000000   Number         0  usenofp.o ABSOLUTE
    ../mathlib/fpclassify.c                  0x00000000   Number         0  fpclassify.o ABSOLUTE
    ..\Core\Src\OneWire.c                    0x00000000   Number         0  onewire.o ABSOLUTE
    ..\Core\Src\main.c                       0x00000000   Number         0  main.o ABSOLUTE
    ..\Core\Src\stm32f1xx_hal_msp.c          0x00000000   Number         0  stm32f1xx_hal_msp.o ABSOLUTE
    ..\Core\Src\stm32f1xx_it.c               0x00000000   Number         0  stm32f1xx_it.o ABSOLUTE
    ..\Core\Src\system_stm32f1xx.c           0x00000000   Number         0  system_stm32f1xx.o ABSOLUTE
    ..\Drivers\STM32F1xx_HAL_Driver\Src\stm32f1xx_hal.c 0x00000000   Number         0  stm32f1xx_hal.o ABSOLUTE
    ..\Drivers\STM32F1xx_HAL_Driver\Src\stm32f1xx_hal_cortex.c 0x00000000   Number         0  stm32f1xx_hal_cortex.o ABSOLUTE
    ..\Drivers\STM32F1xx_HAL_Driver\Src\stm32f1xx_hal_dma.c 0x00000000   Number         0  stm32f1xx_hal_dma.o ABSOLUTE
    ..\Drivers\STM32F1xx_HAL_Driver\Src\stm32f1xx_hal_exti.c 0x00000000   Number         0  stm32f1xx_hal_exti.o ABSOLUTE
    ..\Drivers\STM32F1xx_HAL_Driver\Src\stm32f1xx_hal_flash.c 0x00000000   Number         0  stm32f1xx_hal_flash.o ABSOLUTE
    ..\Drivers\STM32F1xx_HAL_Driver\Src\stm32f1xx_hal_flash_ex.c 0x00000000   Number         0  stm32f1xx_hal_flash_ex.o ABSOLUTE
    ..\Drivers\STM32F1xx_HAL_Driver\Src\stm32f1xx_hal_gpio.c 0x00000000   Number         0  stm32f1xx_hal_gpio.o ABSOLUTE
    ..\Drivers\STM32F1xx_HAL_Driver\Src\stm32f1xx_hal_gpio_ex.c 0x00000000   Number         0  stm32f1xx_hal_gpio_ex.o ABSOLUTE
    ..\Drivers\STM32F1xx_HAL_Driver\Src\stm32f1xx_hal_pwr.c 0x00000000   Number         0  stm32f1xx_hal_pwr.o ABSOLUTE
    ..\Drivers\STM32F1xx_HAL_Driver\Src\stm32f1xx_hal_rcc.c 0x00000000   Number         0  stm32f1xx_hal_rcc.o ABSOLUTE
    ..\Drivers\STM32F1xx_HAL_Driver\Src\stm32f1xx_hal_rcc_ex.c 0x00000000   Number         0  stm32f1xx_hal_rcc_ex.o ABSOLUTE
    ..\Drivers\STM32F1xx_HAL_Driver\Src\stm32f1xx_hal_tim.c 0x00000000   Number         0  stm32f1xx_hal_tim.o ABSOLUTE
    ..\Drivers\STM32F1xx_HAL_Driver\Src\stm32f1xx_hal_tim_ex.c 0x00000000   Number         0  stm32f1xx_hal_tim_ex.o ABSOLUTE
    ..\Drivers\STM32F1xx_HAL_Driver\Src\stm32f1xx_hal_uart.c 0x00000000   Number         0  stm32f1xx_hal_uart.o ABSOLUTE
    ..\\Core\\Src\\OneWire.c                 0x00000000   Number         0  onewire.o ABSOLUTE
    dc.s                                     0x00000000   Number         0  dc.o ABSOLUTE
    startup_stm32f103xb.s                    0x00000000   Number         0  startup_stm32f103xb.o ABSOLUTE
    RESET                                    0x08000000   Section      236  startup_stm32f103xb.o(RESET)
    !!!main                                  0x080000ec   Section        8  __main.o(!!!main)
    !!!scatter                               0x080000f4   Section       52  __scatter.o(!!!scatter)
    !!handler_copy                           0x08000128   Section       26  __scatter_copy.o(!!handler_copy)
    !!handler_zi                             0x08000144   Section       28  __scatter_zi.o(!!handler_zi)
    .ARM.Collect$$_printf_percent$$00000000  0x08000160   Section        0  _printf_percent.o(.ARM.Collect$$_printf_percent$$00000000)
    .ARM.Collect$$_printf_percent$$00000003  0x08000160   Section        6  _printf_f.o(.ARM.Collect$$_printf_percent$$00000003)
    .ARM.Collect$$_printf_percent$$00000009  0x08000166   Section        6  _printf_d.o(.ARM.Collect$$_printf_percent$$00000009)
    .ARM.Collect$$_printf_percent$$0000000C  0x0800016c   Section        6  _printf_x.o(.ARM.Collect$$_printf_percent$$0000000C)
    .ARM.Collect$$_printf_percent$$00000017  0x08000172   Section        4  _printf_percent_end.o(.ARM.Collect$$_printf_percent$$00000017)
    .ARM.Collect$$libinit$$00000000          0x08000176   Section        2  libinit.o(.ARM.Collect$$libinit$$00000000)
    .ARM.Collect$$libinit$$00000002          0x08000178   Section        0  libinit2.o(.ARM.Collect$$libinit$$00000002)
    .ARM.Collect$$libinit$$00000004          0x08000178   Section        0  libinit2.o(.ARM.Collect$$libinit$$00000004)
    .ARM.Collect$$libinit$$0000000A          0x08000178   Section        0  libinit2.o(.ARM.Collect$$libinit$$0000000A)
    .ARM.Collect$$libinit$$0000000C          0x08000178   Section        0  libinit2.o(.ARM.Collect$$libinit$$0000000C)
    .ARM.Collect$$libinit$$0000000E          0x08000178   Section        0  libinit2.o(.ARM.Collect$$libinit$$0000000E)
    .ARM.Collect$$libinit$$0000000F          0x08000178   Section        6  libinit2.o(.ARM.Collect$$libinit$$0000000F)
    .ARM.Collect$$libinit$$00000011          0x0800017e   Section        0  libinit2.o(.ARM.Collect$$libinit$$00000011)
    .ARM.Collect$$libinit$$00000013          0x0800017e   Section        0  libinit2.o(.ARM.Collect$$libinit$$00000013)
    .ARM.Collect$$libinit$$00000015          0x0800017e   Section        0  libinit2.o(.ARM.Collect$$libinit$$00000015)
    .ARM.Collect$$libinit$$00000016          0x0800017e   Section       10  libinit2.o(.ARM.Collect$$libinit$$00000016)
    .ARM.Collect$$libinit$$00000017          0x08000188   Section        0  libinit2.o(.ARM.Collect$$libinit$$00000017)
    .ARM.Collect$$libinit$$00000019          0x08000188   Section        0  libinit2.o(.ARM.Collect$$libinit$$00000019)
    .ARM.Collect$$libinit$$0000001B          0x08000188   Section        0  libinit2.o(.ARM.Collect$$libinit$$0000001B)
    .ARM.Collect$$libinit$$0000001D          0x08000188   Section        0  libinit2.o(.ARM.Collect$$libinit$$0000001D)
    .ARM.Collect$$libinit$$0000001F          0x08000188   Section        0  libinit2.o(.ARM.Collect$$libinit$$0000001F)
    .ARM.Collect$$libinit$$00000021          0x08000188   Section        0  libinit2.o(.ARM.Collect$$libinit$$00000021)
    .ARM.Collect$$libinit$$00000023          0x08000188   Section        0  libinit2.o(.ARM.Collect$$libinit$$00000023)
    .ARM.Collect$$libinit$$00000025          0x08000188   Section        0  libinit2.o(.ARM.Collect$$libinit$$00000025)
    .ARM.Collect$$libinit$$0000002C          0x08000188   Section        0  libinit2.o(.ARM.Collect$$libinit$$0000002C)
    .ARM.Collect$$libinit$$0000002E          0x08000188   Section        0  libinit2.o(.ARM.Collect$$libinit$$0000002E)
    .ARM.Collect$$libinit$$00000030          0x08000188   Section        0  libinit2.o(.ARM.Collect$$libinit$$00000030)
    .ARM.Collect$$libinit$$00000032          0x08000188   Section        0  libinit2.o(.ARM.Collect$$libinit$$00000032)
    .ARM.Collect$$libinit$$00000033          0x08000188   Section        2  libinit2.o(.ARM.Collect$$libinit$$00000033)
    .ARM.Collect$$libshutdown$$00000000      0x0800018a   Section        2  libshutdown.o(.ARM.Collect$$libshutdown$$00000000)
    .ARM.Collect$$libshutdown$$00000002      0x0800018c   Section        0  libshutdown2.o(.ARM.Collect$$libshutdown$$00000002)
    .ARM.Collect$$libshutdown$$00000004      0x0800018c   Section        0  libshutdown2.o(.ARM.Collect$$libshutdown$$00000004)
    .ARM.Collect$$libshutdown$$00000007      0x0800018c   Section        0  libshutdown2.o(.ARM.Collect$$libshutdown$$00000007)
    .ARM.Collect$$libshutdown$$0000000A      0x0800018c   Section        0  libshutdown2.o(.ARM.Collect$$libshutdown$$0000000A)
    .ARM.Collect$$libshutdown$$0000000C      0x0800018c   Section        0  libshutdown2.o(.ARM.Collect$$libshutdown$$0000000C)
    .ARM.Collect$$libshutdown$$0000000F      0x0800018c   Section        0  libshutdown2.o(.ARM.Collect$$libshutdown$$0000000F)
    .ARM.Collect$$libshutdown$$00000010      0x0800018c   Section        2  libshutdown2.o(.ARM.Collect$$libshutdown$$00000010)
    .ARM.Collect$$rtentry$$00000000          0x0800018e   Section        0  __rtentry.o(.ARM.Collect$$rtentry$$00000000)
    .ARM.Collect$$rtentry$$00000002          0x0800018e   Section        0  __rtentry2.o(.ARM.Collect$$rtentry$$00000002)
    .ARM.Collect$$rtentry$$00000004          0x0800018e   Section        6  __rtentry4.o(.ARM.Collect$$rtentry$$00000004)
    .ARM.Collect$$rtentry$$00000009          0x08000194   Section        0  __rtentry2.o(.ARM.Collect$$rtentry$$00000009)
    .ARM.Collect$$rtentry$$0000000A          0x08000194   Section        4  __rtentry2.o(.ARM.Collect$$rtentry$$0000000A)
    .ARM.Collect$$rtentry$$0000000C          0x08000198   Section        0  __rtentry2.o(.ARM.Collect$$rtentry$$0000000C)
    .ARM.Collect$$rtentry$$0000000D          0x08000198   Section        8  __rtentry2.o(.ARM.Collect$$rtentry$$0000000D)
    .ARM.Collect$$rtexit$$00000000           0x080001a0   Section        2  rtexit.o(.ARM.Collect$$rtexit$$00000000)
    .ARM.Collect$$rtexit$$00000002           0x080001a2   Section        0  rtexit2.o(.ARM.Collect$$rtexit$$00000002)
    .ARM.Collect$$rtexit$$00000003           0x080001a2   Section        4  rtexit2.o(.ARM.Collect$$rtexit$$00000003)
    .ARM.Collect$$rtexit$$00000004           0x080001a6   Section        6  rtexit2.o(.ARM.Collect$$rtexit$$00000004)
    .text                                    0x080001ac   Section       64  startup_stm32f103xb.o(.text)
    .text                                    0x080001ec   Section        0  noretval__2sprintf.o(.text)
    .text                                    0x08000214   Section        0  _printf_pad.o(.text)
    .text                                    0x08000264   Section        0  _printf_dec.o(.text)
    .text                                    0x080002dc   Section        0  _printf_hex_int.o(.text)
    .text                                    0x08000334   Section        0  __printf_flags_wp.o(.text)
    .text                                    0x0800046c   Section        0  strlen.o(.text)
    .text                                    0x080004aa   Section       78  rt_memclr_w.o(.text)
    .text                                    0x080004f8   Section      128  strcmpv7m.o(.text)
    .text                                    0x08000578   Section        0  heapauxi.o(.text)
    .text                                    0x0800057e   Section        0  _printf_intcommon.o(.text)
    .text                                    0x08000630   Section        0  _printf_fp_dec.o(.text)
    _fp_digits                               0x08000633   Thumb Code   428  _printf_fp_dec.o(.text)
    .text                                    0x08000a4c   Section        0  _printf_char_common.o(.text)
    _printf_input_char                       0x08000a4d   Thumb Code    10  _printf_char_common.o(.text)
    .text                                    0x08000a7c   Section        0  _sputc.o(.text)
    .text                                    0x08000a88   Section        8  rt_locale_intlibspace.o(.text)
    .text                                    0x08000a90   Section      138  lludiv10.o(.text)
    .text                                    0x08000b1c   Section        0  _printf_fp_infnan.o(.text)
    .text                                    0x08000b9c   Section        0  bigflt0.o(.text)
    .text                                    0x08000c78   Section        8  libspace.o(.text)
    .text                                    0x08000c80   Section       74  sys_stackheap_outer.o(.text)
    .text                                    0x08000cca   Section        0  exit.o(.text)
    .text                                    0x08000cdc   Section        0  sys_exit.o(.text)
    .text                                    0x08000ce8   Section        2  use_no_semi.o(.text)
    .text                                    0x08000cea   Section        0  indicate_semi.o(.text)
    CL$$btod_d2e                             0x08000cea   Section       62  btod.o(CL$$btod_d2e)
    CL$$btod_d2e_denorm_low                  0x08000d28   Section       70  btod.o(CL$$btod_d2e_denorm_low)
    CL$$btod_d2e_norm_op1                    0x08000d6e   Section       96  btod.o(CL$$btod_d2e_norm_op1)
    CL$$btod_div_common                      0x08000dce   Section      824  btod.o(CL$$btod_div_common)
    CL$$btod_e2e                             0x08001106   Section      198  btod.o(CL$$btod_e2e)
    CL$$btod_ediv                            0x080011cc   Section       40  btod.o(CL$$btod_ediv)
    CL$$btod_emul                            0x080011f4   Section       40  btod.o(CL$$btod_emul)
    CL$$btod_mult_common                     0x0800121c   Section      580  btod.o(CL$$btod_mult_common)
    i.BusFault_Handler                       0x08001460   Section        0  stm32f1xx_it.o(i.BusFault_Handler)
    i.DebugMon_Handler                       0x08001462   Section        0  stm32f1xx_it.o(i.DebugMon_Handler)
    i.HAL_DMA_Abort                          0x08001464   Section        0  stm32f1xx_hal_dma.o(i.HAL_DMA_Abort)
    i.HAL_DMA_Abort_IT                       0x080014ac   Section        0  stm32f1xx_hal_dma.o(i.HAL_DMA_Abort_IT)
    i.HAL_Delay                              0x08001544   Section        0  stm32f1xx_hal.o(i.HAL_Delay)
    i.HAL_GPIO_Init                          0x08001568   Section        0  stm32f1xx_hal_gpio.o(i.HAL_GPIO_Init)
    i.HAL_GetTick                            0x08001748   Section        0  stm32f1xx_hal.o(i.HAL_GetTick)
    i.HAL_HalfDuplex_Init                    0x08001754   Section        0  stm32f1xx_hal_uart.o(i.HAL_HalfDuplex_Init)
    i.HAL_IncTick                            0x080017c0   Section        0  stm32f1xx_hal.o(i.HAL_IncTick)
    i.HAL_Init                               0x080017d0   Section        0  stm32f1xx_hal.o(i.HAL_Init)
    i.HAL_InitTick                           0x080017f4   Section        0  stm32f1xx_hal.o(i.HAL_InitTick)
    i.HAL_MspInit                            0x08001834   Section        0  stm32f1xx_hal_msp.o(i.HAL_MspInit)
    i.HAL_NVIC_EnableIRQ                     0x08001870   Section        0  stm32f1xx_hal_cortex.o(i.HAL_NVIC_EnableIRQ)
    i.HAL_NVIC_SetPriority                   0x0800188c   Section        0  stm32f1xx_hal_cortex.o(i.HAL_NVIC_SetPriority)
    i.HAL_NVIC_SetPriorityGrouping           0x080018cc   Section        0  stm32f1xx_hal_cortex.o(i.HAL_NVIC_SetPriorityGrouping)
    i.HAL_RCC_ClockConfig                    0x080018f0   Section        0  stm32f1xx_hal_rcc.o(i.HAL_RCC_ClockConfig)
    i.HAL_RCC_GetPCLK1Freq                   0x08001a1c   Section        0  stm32f1xx_hal_rcc.o(i.HAL_RCC_GetPCLK1Freq)
    i.HAL_RCC_GetPCLK2Freq                   0x08001a3c   Section        0  stm32f1xx_hal_rcc.o(i.HAL_RCC_GetPCLK2Freq)
    i.HAL_RCC_GetSysClockFreq                0x08001a5c   Section        0  stm32f1xx_hal_rcc.o(i.HAL_RCC_GetSysClockFreq)
    i.HAL_RCC_OscConfig                      0x08001ac8   Section        0  stm32f1xx_hal_rcc.o(i.HAL_RCC_OscConfig)
    i.HAL_SYSTICK_Config                     0x08001de8   Section        0  stm32f1xx_hal_cortex.o(i.HAL_SYSTICK_Config)
    i.HAL_UARTEx_RxEventCallback             0x08001e10   Section        0  stm32f1xx_hal_uart.o(i.HAL_UARTEx_RxEventCallback)
    i.HAL_UART_ErrorCallback                 0x08001e12   Section        0  stm32f1xx_hal_uart.o(i.HAL_UART_ErrorCallback)
    i.HAL_UART_IRQHandler                    0x08001e14   Section        0  stm32f1xx_hal_uart.o(i.HAL_UART_IRQHandler)
    i.HAL_UART_Init                          0x08002020   Section        0  stm32f1xx_hal_uart.o(i.HAL_UART_Init)
    i.HAL_UART_MspInit                       0x08002084   Section        0  stm32f1xx_hal_msp.o(i.HAL_UART_MspInit)
    i.HAL_UART_RxCpltCallback                0x0800214c   Section        0  stm32f1xx_hal_uart.o(i.HAL_UART_RxCpltCallback)
    i.HAL_UART_Transmit                      0x08002150   Section        0  stm32f1xx_hal_uart.o(i.HAL_UART_Transmit)
    i.HAL_UART_TxCpltCallback                0x08002202   Section        0  stm32f1xx_hal_uart.o(i.HAL_UART_TxCpltCallback)
    i.HardFault_Handler                      0x08002204   Section        0  stm32f1xx_it.o(i.HardFault_Handler)
    i.MemManage_Handler                      0x08002206   Section        0  stm32f1xx_it.o(i.MemManage_Handler)
    i.NMI_Handler                            0x08002208   Section        0  stm32f1xx_it.o(i.NMI_Handler)
    i.PendSV_Handler                         0x0800220a   Section        0  stm32f1xx_it.o(i.PendSV_Handler)
    i.SVC_Handler                            0x0800220c   Section        0  stm32f1xx_it.o(i.SVC_Handler)
    i.SysTick_Handler                        0x0800220e   Section        0  stm32f1xx_it.o(i.SysTick_Handler)
    i.SystemClock_Config                     0x08002212   Section        0  main.o(i.SystemClock_Config)
    i.SystemInit                             0x08002270   Section        0  system_stm32f1xx.o(i.SystemInit)
    i.UART_DMAAbortOnError                   0x08002272   Section        0  stm32f1xx_hal_uart.o(i.UART_DMAAbortOnError)
    UART_DMAAbortOnError                     0x08002273   Thumb Code    16  stm32f1xx_hal_uart.o(i.UART_DMAAbortOnError)
    i.UART_EndRxTransfer                     0x08002282   Section        0  stm32f1xx_hal_uart.o(i.UART_EndRxTransfer)
    UART_EndRxTransfer                       0x08002283   Thumb Code    48  stm32f1xx_hal_uart.o(i.UART_EndRxTransfer)
    i.UART_Receive_IT                        0x080022b2   Section        0  stm32f1xx_hal_uart.o(i.UART_Receive_IT)
    UART_Receive_IT                          0x080022b3   Thumb Code   182  stm32f1xx_hal_uart.o(i.UART_Receive_IT)
    i.UART_SetConfig                         0x08002368   Section        0  stm32f1xx_hal_uart.o(i.UART_SetConfig)
    UART_SetConfig                           0x08002369   Thumb Code   178  stm32f1xx_hal_uart.o(i.UART_SetConfig)
    i.UART_WaitOnFlagUntilTimeout            0x08002420   Section        0  stm32f1xx_hal_uart.o(i.UART_WaitOnFlagUntilTimeout)
    UART_WaitOnFlagUntilTimeout              0x08002421   Thumb Code   100  stm32f1xx_hal_uart.o(i.UART_WaitOnFlagUntilTimeout)
    i.USART1_IRQHandler                      0x08002484   Section        0  stm32f1xx_it.o(i.USART1_IRQHandler)
    i.USART2_IRQHandler                      0x08002498   Section        0  stm32f1xx_it.o(i.USART2_IRQHandler)
    i.UsageFault_Handler                     0x080024a4   Section        0  stm32f1xx_it.o(i.UsageFault_Handler)
    i.__ARM_fpclassify                       0x080024a6   Section        0  fpclassify.o(i.__ARM_fpclassify)
    i.__NVIC_SetPriority                     0x080024ce   Section        0  stm32f1xx_hal_cortex.o(i.__NVIC_SetPriority)
    __NVIC_SetPriority                       0x080024cf   Thumb Code    32  stm32f1xx_hal_cortex.o(i.__NVIC_SetPriority)
    i._is_digit                              0x080024ee   Section        0  __printf_wp.o(i._is_digit)
    i.byteToBits                             0x080024fc   Section        0  onewire.o(i.byteToBits)
    i.get_ROMid                              0x08002520   Section        0  onewire.o(i.get_ROMid)
    i.get_Temperature                        0x08002660   Section        0  onewire.o(i.get_Temperature)
    i.hasNextRom                             0x080026d4   Section        0  onewire.o(i.hasNextRom)
    i.main                                   0x080027a0   Section        0  main.o(i.main)
    i.owCRC                                  0x08002880   Section        0  onewire.o(i.owCRC)
    i.owCRC8                                 0x080028b4   Section        0  onewire.o(i.owCRC8)
    i.owConvertTemperatureCmd                0x080028ba   Section        0  onewire.o(i.owConvertTemperatureCmd)
    i.owEchoRead                             0x080028cc   Section        0  onewire.o(i.owEchoRead)
    i.owInit                                 0x080028f8   Section        0  onewire.o(i.owInit)
    i.owMatchRomCmd                          0x08002926   Section        0  onewire.o(i.owMatchRomCmd)
    i.owReadHandler                          0x08002944   Section        0  onewire.o(i.owReadHandler)
    i.owReadScratchpadCmd                    0x08002984   Section        0  onewire.o(i.owReadScratchpadCmd)
    i.owReadSlot                             0x080029f2   Section        0  onewire.o(i.owReadSlot)
    i.owResetCmd                             0x080029fe   Section        0  onewire.o(i.owResetCmd)
    i.owSearchCmd                            0x08002a20   Section        0  onewire.o(i.owSearchCmd)
    i.owSend                                 0x08002a50   Section        0  onewire.o(i.owSend)
    i.owSendByte                             0x08002a7c   Section        0  onewire.o(i.owSendByte)
    i.readTemperature                        0x08002a96   Section        0  onewire.o(i.readTemperature)
    i.uprintf                                0x08002b0c   Section        0  main.o(i.uprintf)
    i.usart_setup                            0x08002b28   Section        0  onewire.o(i.usart_setup)
    locale$$code                             0x08002b60   Section       44  lc_numeric_c.o(locale$$code)
    x$fpl$dretinf                            0x08002b8c   Section       12  dretinf.o(x$fpl$dretinf)
    x$fpl$f2d                                0x08002b98   Section       86  f2d.o(x$fpl$f2d)
    x$fpl$fdiv                               0x08002bf0   Section      388  fdiv.o(x$fpl$fdiv)
    _fdiv1                                   0x08002bf1   Thumb Code     0  fdiv.o(x$fpl$fdiv)
    x$fpl$fflt                               0x08002d74   Section       48  fflt_clz.o(x$fpl$fflt)
    x$fpl$fnaninf                            0x08002da4   Section      140  fnaninf.o(x$fpl$fnaninf)
    x$fpl$fretinf                            0x08002e30   Section       10  fretinf.o(x$fpl$fretinf)
    x$fpl$printf1                            0x08002e3a   Section        4  printf1.o(x$fpl$printf1)
    .constdata                               0x08002e3e   Section       16  system_stm32f1xx.o(.constdata)
    x$fpl$usenofp                            0x08002e3e   Section        0  usenofp.o(x$fpl$usenofp)
    .constdata                               0x08002e4e   Section        8  system_stm32f1xx.o(.constdata)
    .constdata                               0x08002e56   Section       40  _printf_hex_int.o(.constdata)
    uc_hextab                                0x08002e56   Data          20  _printf_hex_int.o(.constdata)
    lc_hextab                                0x08002e6a   Data          20  _printf_hex_int.o(.constdata)
    .constdata                               0x08002e7e   Section       17  __printf_flags_wp.o(.constdata)
    maptable                                 0x08002e7e   Data          17  __printf_flags_wp.o(.constdata)
    .constdata                               0x08002e90   Section      148  bigflt0.o(.constdata)
    tenpwrs_x                                0x08002e90   Data          60  bigflt0.o(.constdata)
    tenpwrs_i                                0x08002ecc   Data          64  bigflt0.o(.constdata)
    locale$$data                             0x08002f44   Section       28  lc_numeric_c.o(locale$$data)
    __lcnum_c_name                           0x08002f48   Data           2  lc_numeric_c.o(locale$$data)
    __lcnum_c_start                          0x08002f50   Data           0  lc_numeric_c.o(locale$$data)
    __lcnum_c_point                          0x08002f5c   Data           0  lc_numeric_c.o(locale$$data)
    __lcnum_c_thousands                      0x08002f5e   Data           0  lc_numeric_c.o(locale$$data)
    __lcnum_c_grouping                       0x08002f5f   Data           0  lc_numeric_c.o(locale$$data)
    __lcnum_c_end                            0x08002f60   Data           0  lc_numeric_c.o(locale$$data)
    .data                                    0x20000000   Section        8  main.o(.data)
    .data                                    0x20000008   Section       12  stm32f1xx_hal.o(.data)
    .data                                    0x20000014   Section        4  system_stm32f1xx.o(.data)
    .data                                    0x20000018   Section       24  onewire.o(.data)
    .bss                                     0x20000030   Section      168  main.o(.bss)
    .bss                                     0x200000d8   Section       76  onewire.o(.bss)
    .bss                                     0x20000124   Section       96  libspace.o(.bss)
    HEAP                                     0x20000188   Section      512  startup_stm32f103xb.o(HEAP)
    Heap_Mem                                 0x20000188   Data         512  startup_stm32f103xb.o(HEAP)
    STACK                                    0x20000388   Section     1024  startup_stm32f103xb.o(STACK)
    Stack_Mem                                0x20000388   Data        1024  startup_stm32f103xb.o(STACK)
    __initial_sp                             0x20000788   Data           0  startup_stm32f103xb.o(STACK)

    Global Symbols

    Symbol Name                              Value     Ov Type        Size  Object(Section)

    BuildAttributes$$THM_ISAv4$P$D$K$B$S$PE$A:L22UL41UL21$X:L11$S22US41US21$IEEE1$IW$USESV6$~STKCKD$USESV7$~SHL$OTIME$ROPI$IEEEJ$EBA8$UX$STANDARDLIB$REQ8$PRES8$EABIv2 0x00000000   Number         0  anon$$obj.o ABSOLUTE
    __ARM_use_no_argv                        0x00000000   Number         0  main.o ABSOLUTE
    _printf_flags                            0x00000000   Number         0  printf_stubs.o ABSOLUTE
    _printf_return_value                     0x00000000   Number         0  printf_stubs.o ABSOLUTE
    _printf_sizespec                         0x00000000   Number         0  printf_stubs.o ABSOLUTE
    _printf_widthprec                        0x00000000   Number         0  printf_stubs.o ABSOLUTE
    __ARM_exceptions_init                     - Undefined Weak Reference
    __alloca_initialize                       - Undefined Weak Reference
    __arm_preinit_                            - Undefined Weak Reference
    __cpp_initialize__aeabi_                  - Undefined Weak Reference
    __cxa_finalize                            - Undefined Weak Reference
    __sigvec_lookup                           - Undefined Weak Reference
    _atexit_init                              - Undefined Weak Reference
    _call_atexit_fns                          - Undefined Weak Reference
    _clock_init                               - Undefined Weak Reference
    _fp_trap_init                             - Undefined Weak Reference
    _fp_trap_shutdown                         - Undefined Weak Reference
    _get_lc_collate                           - Undefined Weak Reference
    _get_lc_ctype                             - Undefined Weak Reference
    _get_lc_monetary                          - Undefined Weak Reference
    _get_lc_time                              - Undefined Weak Reference
    _getenv_init                              - Undefined Weak Reference
    _handle_redirection                       - Undefined Weak Reference
    _init_alloc                               - Undefined Weak Reference
    _init_user_alloc                          - Undefined Weak Reference
    _initio                                   - Undefined Weak Reference
    _printf_truncate_signed                   - Undefined Weak Reference
    _printf_truncate_unsigned                 - Undefined Weak Reference
    _rand_init                                - Undefined Weak Reference
    _signal_finish                            - Undefined Weak Reference
    _signal_init                              - Undefined Weak Reference
    _terminate_alloc                          - Undefined Weak Reference
    _terminate_user_alloc                     - Undefined Weak Reference
    _terminateio                              - Undefined Weak Reference
    __Vectors_Size                           0x000000ec   Number         0  startup_stm32f103xb.o ABSOLUTE
    __Vectors                                0x08000000   Data           4  startup_stm32f103xb.o(RESET)
    __Vectors_End                            0x080000ec   Data           0  startup_stm32f103xb.o(RESET)
    __main                                   0x080000ed   Thumb Code     8  __main.o(!!!main)
    __scatterload                            0x080000f5   Thumb Code     0  __scatter.o(!!!scatter)
    __scatterload_rt2                        0x080000f5   Thumb Code    44  __scatter.o(!!!scatter)
    __scatterload_rt2_thumb_only             0x080000f5   Thumb Code     0  __scatter.o(!!!scatter)
    __scatterload_null                       0x08000103   Thumb Code     0  __scatter.o(!!!scatter)
    __scatterload_copy                       0x08000129   Thumb Code    26  __scatter_copy.o(!!handler_copy)
    __scatterload_zeroinit                   0x08000145   Thumb Code    28  __scatter_zi.o(!!handler_zi)
    _printf_f                                0x08000161   Thumb Code     0  _printf_f.o(.ARM.Collect$$_printf_percent$$00000003)
    _printf_percent                          0x08000161   Thumb Code     0  _printf_percent.o(.ARM.Collect$$_printf_percent$$00000000)
    _printf_d                                0x08000167   Thumb Code     0  _printf_d.o(.ARM.Collect$$_printf_percent$$00000009)
    _printf_x                                0x0800016d   Thumb Code     0  _printf_x.o(.ARM.Collect$$_printf_percent$$0000000C)
    _printf_percent_end                      0x08000173   Thumb Code     0  _printf_percent_end.o(.ARM.Collect$$_printf_percent$$00000017)
    __rt_lib_init                            0x08000177   Thumb Code     0  libinit.o(.ARM.Collect$$libinit$$00000000)
    __rt_lib_init_fp_1                       0x08000179   Thumb Code     0  libinit2.o(.ARM.Collect$$libinit$$00000002)
    __rt_lib_init_heap_1                     0x08000179   Thumb Code     0  libinit2.o(.ARM.Collect$$libinit$$0000000A)
    __rt_lib_init_lc_common                  0x08000179   Thumb Code     0  libinit2.o(.ARM.Collect$$libinit$$0000000F)
    __rt_lib_init_preinit_1                  0x08000179   Thumb Code     0  libinit2.o(.ARM.Collect$$libinit$$00000004)
    __rt_lib_init_rand_1                     0x08000179   Thumb Code     0  libinit2.o(.ARM.Collect$$libinit$$0000000E)
    __rt_lib_init_user_alloc_1               0x08000179   Thumb Code     0  libinit2.o(.ARM.Collect$$libinit$$0000000C)
    __rt_lib_init_lc_collate_1               0x0800017f   Thumb Code     0  libinit2.o(.ARM.Collect$$libinit$$00000011)
    __rt_lib_init_lc_ctype_1                 0x0800017f   Thumb Code     0  libinit2.o(.ARM.Collect$$libinit$$00000013)
    __rt_lib_init_lc_monetary_1              0x0800017f   Thumb Code     0  libinit2.o(.ARM.Collect$$libinit$$00000015)
    __rt_lib_init_lc_numeric_2               0x0800017f   Thumb Code     0  libinit2.o(.ARM.Collect$$libinit$$00000016)
    __rt_lib_init_alloca_1                   0x08000189   Thumb Code     0  libinit2.o(.ARM.Collect$$libinit$$0000002E)
    __rt_lib_init_argv_1                     0x08000189   Thumb Code     0  libinit2.o(.ARM.Collect$$libinit$$0000002C)
    __rt_lib_init_atexit_1                   0x08000189   Thumb Code     0  libinit2.o(.ARM.Collect$$libinit$$0000001B)
    __rt_lib_init_clock_1                    0x08000189   Thumb Code     0  libinit2.o(.ARM.Collect$$libinit$$00000021)
    __rt_lib_init_cpp_1                      0x08000189   Thumb Code     0  libinit2.o(.ARM.Collect$$libinit$$00000032)
    __rt_lib_init_exceptions_1               0x08000189   Thumb Code     0  libinit2.o(.ARM.Collect$$libinit$$00000030)
    __rt_lib_init_fp_trap_1                  0x08000189   Thumb Code     0  libinit2.o(.ARM.Collect$$libinit$$0000001F)
    __rt_lib_init_getenv_1                   0x08000189   Thumb Code     0  libinit2.o(.ARM.Collect$$libinit$$00000023)
    __rt_lib_init_lc_numeric_1               0x08000189   Thumb Code     0  libinit2.o(.ARM.Collect$$libinit$$00000017)
    __rt_lib_init_lc_time_1                  0x08000189   Thumb Code     0  libinit2.o(.ARM.Collect$$libinit$$00000019)
    __rt_lib_init_return                     0x08000189   Thumb Code     0  libinit2.o(.ARM.Collect$$libinit$$00000033)
    __rt_lib_init_signal_1                   0x08000189   Thumb Code     0  libinit2.o(.ARM.Collect$$libinit$$0000001D)
    __rt_lib_init_stdio_1                    0x08000189   Thumb Code     0  libinit2.o(.ARM.Collect$$libinit$$00000025)
    __rt_lib_shutdown                        0x0800018b   Thumb Code     0  libshutdown.o(.ARM.Collect$$libshutdown$$00000000)
    __rt_lib_shutdown_cpp_1                  0x0800018d   Thumb Code     0  libshutdown2.o(.ARM.Collect$$libshutdown$$00000002)
    __rt_lib_shutdown_fp_trap_1              0x0800018d   Thumb Code     0  libshutdown2.o(.ARM.Collect$$libshutdown$$00000007)
    __rt_lib_shutdown_heap_1                 0x0800018d   Thumb Code     0  libshutdown2.o(.ARM.Collect$$libshutdown$$0000000F)
    __rt_lib_shutdown_return                 0x0800018d   Thumb Code     0  libshutdown2.o(.ARM.Collect$$libshutdown$$00000010)
    __rt_lib_shutdown_signal_1               0x0800018d   Thumb Code     0  libshutdown2.o(.ARM.Collect$$libshutdown$$0000000A)
    __rt_lib_shutdown_stdio_1                0x0800018d   Thumb Code     0  libshutdown2.o(.ARM.Collect$$libshutdown$$00000004)
    __rt_lib_shutdown_user_alloc_1           0x0800018d   Thumb Code     0  libshutdown2.o(.ARM.Collect$$libshutdown$$0000000C)
    __rt_entry                               0x0800018f   Thumb Code     0  __rtentry.o(.ARM.Collect$$rtentry$$00000000)
    __rt_entry_presh_1                       0x0800018f   Thumb Code     0  __rtentry2.o(.ARM.Collect$$rtentry$$00000002)
    __rt_entry_sh                            0x0800018f   Thumb Code     0  __rtentry4.o(.ARM.Collect$$rtentry$$00000004)
    __rt_entry_li                            0x08000195   Thumb Code     0  __rtentry2.o(.ARM.Collect$$rtentry$$0000000A)
    __rt_entry_postsh_1                      0x08000195   Thumb Code     0  __rtentry2.o(.ARM.Collect$$rtentry$$00000009)
    __rt_entry_main                          0x08000199   Thumb Code     0  __rtentry2.o(.ARM.Collect$$rtentry$$0000000D)
    __rt_entry_postli_1                      0x08000199   Thumb Code     0  __rtentry2.o(.ARM.Collect$$rtentry$$0000000C)
    __rt_exit                                0x080001a1   Thumb Code     0  rtexit.o(.ARM.Collect$$rtexit$$00000000)
    __rt_exit_ls                             0x080001a3   Thumb Code     0  rtexit2.o(.ARM.Collect$$rtexit$$00000003)
    __rt_exit_prels_1                        0x080001a3   Thumb Code     0  rtexit2.o(.ARM.Collect$$rtexit$$00000002)
    __rt_exit_exit                           0x080001a7   Thumb Code     0  rtexit2.o(.ARM.Collect$$rtexit$$00000004)
    Reset_Handler                            0x080001ad   Thumb Code     8  startup_stm32f103xb.o(.text)
    ADC1_2_IRQHandler                        0x080001c7   Thumb Code     0  startup_stm32f103xb.o(.text)
    CAN1_RX1_IRQHandler                      0x080001c7   Thumb Code     0  startup_stm32f103xb.o(.text)
    CAN1_SCE_IRQHandler                      0x080001c7   Thumb Code     0  startup_stm32f103xb.o(.text)
    DMA1_Channel1_IRQHandler                 0x080001c7   Thumb Code     0  startup_stm32f103xb.o(.text)
    DMA1_Channel2_IRQHandler                 0x080001c7   Thumb Code     0  startup_stm32f103xb.o(.text)
    DMA1_Channel3_IRQHandler                 0x080001c7   Thumb Code     0  startup_stm32f103xb.o(.text)
    DMA1_Channel4_IRQHandler                 0x080001c7   Thumb Code     0  startup_stm32f103xb.o(.text)
    DMA1_Channel5_IRQHandler                 0x080001c7   Thumb Code     0  startup_stm32f103xb.o(.text)
    DMA1_Channel6_IRQHandler                 0x080001c7   Thumb Code     0  startup_stm32f103xb.o(.text)
    DMA1_Channel7_IRQHandler                 0x080001c7   Thumb Code     0  startup_stm32f103xb.o(.text)
    EXTI0_IRQHandler                         0x080001c7   Thumb Code     0  startup_stm32f103xb.o(.text)
    EXTI15_10_IRQHandler                     0x080001c7   Thumb Code     0  startup_stm32f103xb.o(.text)
    EXTI1_IRQHandler                         0x080001c7   Thumb Code     0  startup_stm32f103xb.o(.text)
    EXTI2_IRQHandler                         0x080001c7   Thumb Code     0  startup_stm32f103xb.o(.text)
    EXTI3_IRQHandler                         0x080001c7   Thumb Code     0  startup_stm32f103xb.o(.text)
    EXTI4_IRQHandler                         0x080001c7   Thumb Code     0  startup_stm32f103xb.o(.text)
    EXTI9_5_IRQHandler                       0x080001c7   Thumb Code     0  startup_stm32f103xb.o(.text)
    FLASH_IRQHandler                         0x080001c7   Thumb Code     0  startup_stm32f103xb.o(.text)
    I2C1_ER_IRQHandler                       0x080001c7   Thumb Code     0  startup_stm32f103xb.o(.text)
    I2C1_EV_IRQHandler                       0x080001c7   Thumb Code     0  startup_stm32f103xb.o(.text)
    I2C2_ER_IRQHandler                       0x080001c7   Thumb Code     0  startup_stm32f103xb.o(.text)
    I2C2_EV_IRQHandler                       0x080001c7   Thumb Code     0  startup_stm32f103xb.o(.text)
    PVD_IRQHandler                           0x080001c7   Thumb Code     0  startup_stm32f103xb.o(.text)
    RCC_IRQHandler                           0x080001c7   Thumb Code     0  startup_stm32f103xb.o(.text)
    RTC_Alarm_IRQHandler                     0x080001c7   Thumb Code     0  startup_stm32f103xb.o(.text)
    RTC_IRQHandler                           0x080001c7   Thumb Code     0  startup_stm32f103xb.o(.text)
    SPI1_IRQHandler                          0x080001c7   Thumb Code     0  startup_stm32f103xb.o(.text)
    SPI2_IRQHandler                          0x080001c7   Thumb Code     0  startup_stm32f103xb.o(.text)
    TAMPER_IRQHandler                        0x080001c7   Thumb Code     0  startup_stm32f103xb.o(.text)
    TIM1_BRK_IRQHandler                      0x080001c7   Thumb Code     0  startup_stm32f103xb.o(.text)
    TIM1_CC_IRQHandler                       0x080001c7   Thumb Code     0  startup_stm32f103xb.o(.text)
    TIM1_TRG_COM_IRQHandler                  0x080001c7   Thumb Code     0  startup_stm32f103xb.o(.text)
    TIM1_UP_IRQHandler                       0x080001c7   Thumb Code     0  startup_stm32f103xb.o(.text)
    TIM2_IRQHandler                          0x080001c7   Thumb Code     0  startup_stm32f103xb.o(.text)
    TIM3_IRQHandler                          0x080001c7   Thumb Code     0  startup_stm32f103xb.o(.text)
    TIM4_IRQHandler                          0x080001c7   Thumb Code     0  startup_stm32f103xb.o(.text)
    USART3_IRQHandler                        0x080001c7   Thumb Code     0  startup_stm32f103xb.o(.text)
    USBWakeUp_IRQHandler                     0x080001c7   Thumb Code     0  startup_stm32f103xb.o(.text)
    USB_HP_CAN1_TX_IRQHandler                0x080001c7   Thumb Code     0  startup_stm32f103xb.o(.text)
    USB_LP_CAN1_RX0_IRQHandler               0x080001c7   Thumb Code     0  startup_stm32f103xb.o(.text)
    WWDG_IRQHandler                          0x080001c7   Thumb Code     0  startup_stm32f103xb.o(.text)
    __user_initial_stackheap                 0x080001c9   Thumb Code     0  startup_stm32f103xb.o(.text)
    __2sprintf                               0x080001ed   Thumb Code    34  noretval__2sprintf.o(.text)
    _printf_pre_padding                      0x08000215   Thumb Code    44  _printf_pad.o(.text)
    _printf_post_padding                     0x08000241   Thumb Code    34  _printf_pad.o(.text)
    _printf_int_dec                          0x08000265   Thumb Code   104  _printf_dec.o(.text)
    _printf_int_hex                          0x080002dd   Thumb Code    84  _printf_hex_int.o(.text)
    _printf_longlong_hex                     0x080002dd   Thumb Code     0  _printf_hex_int.o(.text)
    __printf                                 0x08000335   Thumb Code   308  __printf_flags_wp.o(.text)
    strlen                                   0x0800046d   Thumb Code    62  strlen.o(.text)
    __aeabi_memclr4                          0x080004ab   Thumb Code     0  rt_memclr_w.o(.text)
    __aeabi_memclr8                          0x080004ab   Thumb Code     0  rt_memclr_w.o(.text)
    __rt_memclr_w                            0x080004ab   Thumb Code    78  rt_memclr_w.o(.text)
    _memset_w                                0x080004af   Thumb Code     0  rt_memclr_w.o(.text)
    strcmp                                   0x080004f9   Thumb Code   128  strcmpv7m.o(.text)
    __use_two_region_memory                  0x08000579   Thumb Code     2  heapauxi.o(.text)
    __rt_heap_escrow$2region                 0x0800057b   Thumb Code     2  heapauxi.o(.text)
    __rt_heap_expand$2region                 0x0800057d   Thumb Code     2  heapauxi.o(.text)
    _printf_int_common                       0x0800057f   Thumb Code   178  _printf_intcommon.o(.text)
    __lib_sel_fp_printf                      0x08000631   Thumb Code     2  _printf_fp_dec.o(.text)
    _printf_fp_dec_real                      0x080007df   Thumb Code   620  _printf_fp_dec.o(.text)
    _printf_char_common                      0x08000a57   Thumb Code    32  _printf_char_common.o(.text)
    _sputc                                   0x08000a7d   Thumb Code    10  _sputc.o(.text)
    __rt_locale                              0x08000a89   Thumb Code     8  rt_locale_intlibspace.o(.text)
    _ll_udiv10                               0x08000a91   Thumb Code   138  lludiv10.o(.text)
    _printf_fp_infnan                        0x08000b1d   Thumb Code   112  _printf_fp_infnan.o(.text)
    _btod_etento                             0x08000b9d   Thumb Code   216  bigflt0.o(.text)
    __user_libspace                          0x08000c79   Thumb Code     8  libspace.o(.text)
    __user_perproc_libspace                  0x08000c79   Thumb Code     0  libspace.o(.text)
    __user_perthread_libspace                0x08000c79   Thumb Code     0  libspace.o(.text)
    __user_setup_stackheap                   0x08000c81   Thumb Code    74  sys_stackheap_outer.o(.text)
    exit                                     0x08000ccb   Thumb Code    18  exit.o(.text)
    _sys_exit                                0x08000cdd   Thumb Code     8  sys_exit.o(.text)
    __I$use$semihosting                      0x08000ce9   Thumb Code     0  use_no_semi.o(.text)
    __use_no_semihosting_swi                 0x08000ce9   Thumb Code     2  use_no_semi.o(.text)
    __semihosting_library_function           0x08000ceb   Thumb Code     0  indicate_semi.o(.text)
    _btod_d2e                                0x08000ceb   Thumb Code    62  btod.o(CL$$btod_d2e)
    _d2e_denorm_low                          0x08000d29   Thumb Code    70  btod.o(CL$$btod_d2e_denorm_low)
    _d2e_norm_op1                            0x08000d6f   Thumb Code    96  btod.o(CL$$btod_d2e_norm_op1)
    __btod_div_common                        0x08000dcf   Thumb Code   696  btod.o(CL$$btod_div_common)
    _e2e                                     0x08001107   Thumb Code   198  btod.o(CL$$btod_e2e)
    _btod_ediv                               0x080011cd   Thumb Code    40  btod.o(CL$$btod_ediv)
    _btod_emul                               0x080011f5   Thumb Code    40  btod.o(CL$$btod_emul)
    __btod_mult_common                       0x0800121d   Thumb Code   580  btod.o(CL$$btod_mult_common)
    BusFault_Handler                         0x08001461   Thumb Code     2  stm32f1xx_it.o(i.BusFault_Handler)
    DebugMon_Handler                         0x08001463   Thumb Code     2  stm32f1xx_it.o(i.DebugMon_Handler)
    HAL_DMA_Abort                            0x08001465   Thumb Code    70  stm32f1xx_hal_dma.o(i.HAL_DMA_Abort)
    HAL_DMA_Abort_IT                         0x080014ad   Thumb Code   148  stm32f1xx_hal_dma.o(i.HAL_DMA_Abort_IT)
    HAL_Delay                                0x08001545   Thumb Code    32  stm32f1xx_hal.o(i.HAL_Delay)
    HAL_GPIO_Init                            0x08001569   Thumb Code   446  stm32f1xx_hal_gpio.o(i.HAL_GPIO_Init)
    HAL_GetTick                              0x08001749   Thumb Code     6  stm32f1xx_hal.o(i.HAL_GetTick)
    HAL_HalfDuplex_Init                      0x08001755   Thumb Code   108  stm32f1xx_hal_uart.o(i.HAL_HalfDuplex_Init)
    HAL_IncTick                              0x080017c1   Thumb Code    12  stm32f1xx_hal.o(i.HAL_IncTick)
    HAL_Init                                 0x080017d1   Thumb Code    32  stm32f1xx_hal.o(i.HAL_Init)
    HAL_InitTick                             0x080017f5   Thumb Code    54  stm32f1xx_hal.o(i.HAL_InitTick)
    HAL_MspInit                              0x08001835   Thumb Code    52  stm32f1xx_hal_msp.o(i.HAL_MspInit)
    HAL_NVIC_EnableIRQ                       0x08001871   Thumb Code    26  stm32f1xx_hal_cortex.o(i.HAL_NVIC_EnableIRQ)
    HAL_NVIC_SetPriority                     0x0800188d   Thumb Code    60  stm32f1xx_hal_cortex.o(i.HAL_NVIC_SetPriority)
    HAL_NVIC_SetPriorityGrouping             0x080018cd   Thumb Code    26  stm32f1xx_hal_cortex.o(i.HAL_NVIC_SetPriorityGrouping)
    HAL_RCC_ClockConfig                      0x080018f1   Thumb Code   280  stm32f1xx_hal_rcc.o(i.HAL_RCC_ClockConfig)
    HAL_RCC_GetPCLK1Freq                     0x08001a1d   Thumb Code    20  stm32f1xx_hal_rcc.o(i.HAL_RCC_GetPCLK1Freq)
    HAL_RCC_GetPCLK2Freq                     0x08001a3d   Thumb Code    20  stm32f1xx_hal_rcc.o(i.HAL_RCC_GetPCLK2Freq)
    HAL_RCC_GetSysClockFreq                  0x08001a5d   Thumb Code    74  stm32f1xx_hal_rcc.o(i.HAL_RCC_GetSysClockFreq)
    HAL_RCC_OscConfig                        0x08001ac9   Thumb Code   778  stm32f1xx_hal_rcc.o(i.HAL_RCC_OscConfig)
    HAL_SYSTICK_Config                       0x08001de9   Thumb Code    40  stm32f1xx_hal_cortex.o(i.HAL_SYSTICK_Config)
    HAL_UARTEx_RxEventCallback               0x08001e11   Thumb Code     2  stm32f1xx_hal_uart.o(i.HAL_UARTEx_RxEventCallback)
    HAL_UART_ErrorCallback                   0x08001e13   Thumb Code     2  stm32f1xx_hal_uart.o(i.HAL_UART_ErrorCallback)
    HAL_UART_IRQHandler                      0x08001e15   Thumb Code   520  stm32f1xx_hal_uart.o(i.HAL_UART_IRQHandler)
    HAL_UART_Init                            0x08002021   Thumb Code    98  stm32f1xx_hal_uart.o(i.HAL_UART_Init)
    HAL_UART_MspInit                         0x08002085   Thumb Code   182  stm32f1xx_hal_msp.o(i.HAL_UART_MspInit)
    HAL_UART_RxCpltCallback                  0x0800214d   Thumb Code     2  stm32f1xx_hal_uart.o(i.HAL_UART_RxCpltCallback)
    HAL_UART_Transmit                        0x08002151   Thumb Code   178  stm32f1xx_hal_uart.o(i.HAL_UART_Transmit)
    HAL_UART_TxCpltCallback                  0x08002203   Thumb Code     2  stm32f1xx_hal_uart.o(i.HAL_UART_TxCpltCallback)
    HardFault_Handler                        0x08002205   Thumb Code     2  stm32f1xx_it.o(i.HardFault_Handler)
    MemManage_Handler                        0x08002207   Thumb Code     2  stm32f1xx_it.o(i.MemManage_Handler)
    NMI_Handler                              0x08002209   Thumb Code     2  stm32f1xx_it.o(i.NMI_Handler)
    PendSV_Handler                           0x0800220b   Thumb Code     2  stm32f1xx_it.o(i.PendSV_Handler)
    SVC_Handler                              0x0800220d   Thumb Code     2  stm32f1xx_it.o(i.SVC_Handler)
    SysTick_Handler                          0x0800220f   Thumb Code     4  stm32f1xx_it.o(i.SysTick_Handler)
    SystemClock_Config                       0x08002213   Thumb Code    94  main.o(i.SystemClock_Config)
    SystemInit                               0x08002271   Thumb Code     2  system_stm32f1xx.o(i.SystemInit)
    USART1_IRQHandler                        0x08002485   Thumb Code    16  stm32f1xx_it.o(i.USART1_IRQHandler)
    USART2_IRQHandler                        0x08002499   Thumb Code     6  stm32f1xx_it.o(i.USART2_IRQHandler)
    UsageFault_Handler                       0x080024a5   Thumb Code     2  stm32f1xx_it.o(i.UsageFault_Handler)
    __ARM_fpclassify                         0x080024a7   Thumb Code    40  fpclassify.o(i.__ARM_fpclassify)
    _is_digit                                0x080024ef   Thumb Code    14  __printf_wp.o(i._is_digit)
    byteToBits                               0x080024fd   Thumb Code    36  onewire.o(i.byteToBits)
    get_ROMid                                0x08002521   Thumb Code   216  onewire.o(i.get_ROMid)
    get_Temperature                          0x08002661   Thumb Code   104  onewire.o(i.get_Temperature)
    hasNextRom                               0x080026d5   Thumb Code   204  onewire.o(i.hasNextRom)
    main                                     0x080027a1   Thumb Code   176  main.o(i.main)
    owCRC                                    0x08002881   Thumb Code    52  onewire.o(i.owCRC)
    owCRC8                                   0x080028b5   Thumb Code     6  onewire.o(i.owCRC8)
    owConvertTemperatureCmd                  0x080028bb   Thumb Code    18  onewire.o(i.owConvertTemperatureCmd)
    owEchoRead                               0x080028cd   Thumb Code    34  onewire.o(i.owEchoRead)
    owInit                                   0x080028f9   Thumb Code    46  onewire.o(i.owInit)
    owMatchRomCmd                            0x08002927   Thumb Code    30  onewire.o(i.owMatchRomCmd)
    owReadHandler                            0x08002945   Thumb Code    52  onewire.o(i.owReadHandler)
    owReadScratchpadCmd                      0x08002985   Thumb Code   110  onewire.o(i.owReadScratchpadCmd)
    owReadSlot                               0x080029f3   Thumb Code    12  onewire.o(i.owReadSlot)
    owResetCmd                               0x080029ff   Thumb Code    34  onewire.o(i.owResetCmd)
    owSearchCmd                              0x08002a21   Thumb Code    46  onewire.o(i.owSearchCmd)
    owSend                                   0x08002a51   Thumb Code    32  onewire.o(i.owSend)
    owSendByte                               0x08002a7d   Thumb Code    26  onewire.o(i.owSendByte)
    readTemperature                          0x08002a97   Thumb Code   116  onewire.o(i.readTemperature)
    uprintf                                  0x08002b0d   Thumb Code    24  main.o(i.uprintf)
    usart_setup                              0x08002b29   Thumb Code    48  onewire.o(i.usart_setup)
    _get_lc_numeric                          0x08002b61   Thumb Code    44  lc_numeric_c.o(locale$$code)
    __fpl_dretinf                            0x08002b8d   Thumb Code    12  dretinf.o(x$fpl$dretinf)
    __aeabi_f2d                              0x08002b99   Thumb Code     0  f2d.o(x$fpl$f2d)
    _f2d                                     0x08002b99   Thumb Code    86  f2d.o(x$fpl$f2d)
    __aeabi_fdiv                             0x08002bf1   Thumb Code     0  fdiv.o(x$fpl$fdiv)
    _fdiv                                    0x08002bf1   Thumb Code   384  fdiv.o(x$fpl$fdiv)
    __aeabi_i2f                              0x08002d75   Thumb Code     0  fflt_clz.o(x$fpl$fflt)
    _fflt                                    0x08002d75   Thumb Code    48  fflt_clz.o(x$fpl$fflt)
    __fpl_fnaninf                            0x08002da5   Thumb Code   140  fnaninf.o(x$fpl$fnaninf)
    __fpl_fretinf                            0x08002e31   Thumb Code    10  fretinf.o(x$fpl$fretinf)
    _printf_fp_dec                           0x08002e3b   Thumb Code     4  printf1.o(x$fpl$printf1)
    AHBPrescTable                            0x08002e3e   Data          16  system_stm32f1xx.o(.constdata)
    __I$use$fp                               0x08002e3e   Number         0  usenofp.o(x$fpl$usenofp)
    APBPrescTable                            0x08002e4e   Data           8  system_stm32f1xx.o(.constdata)
    Region$$Table$$Base                      0x08002f24   Number         0  anon$$obj.o(Region$$Table)
    Region$$Table$$Limit                     0x08002f44   Number         0  anon$$obj.o(Region$$Table)
    k                                        0x20000000   Data           4  main.o(.data)
    T                                        0x20000004   Data           4  main.o(.data)
    uwTickFreq                               0x20000008   Data           1  stm32f1xx_hal.o(.data)
    uwTickPrio                               0x2000000c   Data           4  stm32f1xx_hal.o(.data)
    uwTick                                   0x20000010   Data           4  stm32f1xx_hal.o(.data)
    SystemCoreClock                          0x20000014   Data           4  system_stm32f1xx.o(.data)
    recvFlag                                 0x20000018   Data           1  onewire.o(.data)
    devices                                  0x20000019   Data           1  onewire.o(.data)
    t                                        0x2000001a   Data           2  onewire.o(.data)
    pDelay                                   0x2000001c   Data           4  onewire.o(.data)
    i                                        0x20000020   Data           4  onewire.o(.data)
    crcOK                                    0x20000024   Data           4  onewire.o(.data)
    Temp                                     0x20000028   Data           8  onewire.o(.data)
    buffer                                   0x20000030   Data          32  main.o(.bss)
    huart1                                   0x20000050   Data          68  main.o(.bss)
    huart2                                   0x20000094   Data          68  main.o(.bss)
    rc_buffer                                0x200000d8   Data          10  onewire.o(.bss)
    ow                                       0x200000e4   Data          28  onewire.o(.bss)
    devInfo                                  0x20000100   Data          36  onewire.o(.bss)
    __libspace_start                         0x20000124   Data          96  libspace.o(.bss)
    __temporary_stack_top$libspace           0x20000184   Data           0  libspace.o(.bss)



==============================================================================

Memory Map of the image

  Image Entry point : 0x080000ed

  Load Region LR_IROM1 (Base: 0x08000000, Size: 0x00002f90, Max: 0x00010000, ABSOLUTE)

    Execution Region ER_IROM1 (Base: 0x08000000, Size: 0x00002f60, Max: 0x00010000, ABSOLUTE)

    Base Addr    Size         Type   Attr      Idx    E Section Name        Object

    0x08000000   0x000000ec   Data   RO            3    RESET               startup_stm32f103xb.o
    0x080000ec   0x00000008   Code   RO         1964  * !!!main             c_w.l(__main.o)
    0x080000f4   0x00000034   Code   RO         2194    !!!scatter          c_w.l(__scatter.o)
    0x08000128   0x0000001a   Code   RO         2196    !!handler_copy      c_w.l(__scatter_copy.o)
    0x08000142   0x00000002   PAD
    0x08000144   0x0000001c   Code   RO         2198    !!handler_zi        c_w.l(__scatter_zi.o)
    0x08000160   0x00000000   Code   RO         1955    .ARM.Collect$$_printf_percent$$00000000  c_w.l(_printf_percent.o)
    0x08000160   0x00000006   Code   RO         1954    .ARM.Collect$$_printf_percent$$00000003  c_w.l(_printf_f.o)
    0x08000166   0x00000006   Code   RO         1953    .ARM.Collect$$_printf_percent$$00000009  c_w.l(_printf_d.o)
    0x0800016c   0x00000006   Code   RO         1952    .ARM.Collect$$_printf_percent$$0000000C  c_w.l(_printf_x.o)
    0x08000172   0x00000004   Code   RO         1989    .ARM.Collect$$_printf_percent$$00000017  c_w.l(_printf_percent_end.o)
    0x08000176   0x00000002   Code   RO         2067    .ARM.Collect$$libinit$$00000000  c_w.l(libinit.o)
    0x08000178   0x00000000   Code   RO         2069    .ARM.Collect$$libinit$$00000002  c_w.l(libinit2.o)
    0x08000178   0x00000000   Code   RO         2071    .ARM.Collect$$libinit$$00000004  c_w.l(libinit2.o)
    0x08000178   0x00000000   Code   RO         2074    .ARM.Collect$$libinit$$0000000A  c_w.l(libinit2.o)
    0x08000178   0x00000000   Code   RO         2076    .ARM.Collect$$libinit$$0000000C  c_w.l(libinit2.o)
    0x08000178   0x00000000   Code   RO         2078    .ARM.Collect$$libinit$$0000000E  c_w.l(libinit2.o)
    0x08000178   0x00000006   Code   RO         2079    .ARM.Collect$$libinit$$0000000F  c_w.l(libinit2.o)
    0x0800017e   0x00000000   Code   RO         2081    .ARM.Collect$$libinit$$00000011  c_w.l(libinit2.o)
    0x0800017e   0x00000000   Code   RO         2083    .ARM.Collect$$libinit$$00000013  c_w.l(libinit2.o)
    0x0800017e   0x00000000   Code   RO         2085    .ARM.Collect$$libinit$$00000015  c_w.l(libinit2.o)
    0x0800017e   0x0000000a   Code   RO         2086    .ARM.Collect$$libinit$$00000016  c_w.l(libinit2.o)
    0x08000188   0x00000000   Code   RO         2087    .ARM.Collect$$libinit$$00000017  c_w.l(libinit2.o)
    0x08000188   0x00000000   Code   RO         2089    .ARM.Collect$$libinit$$00000019  c_w.l(libinit2.o)
    0x08000188   0x00000000   Code   RO         2091    .ARM.Collect$$libinit$$0000001B  c_w.l(libinit2.o)
    0x08000188   0x00000000   Code   RO         2093    .ARM.Collect$$libinit$$0000001D  c_w.l(libinit2.o)
    0x08000188   0x00000000   Code   RO         2095    .ARM.Collect$$libinit$$0000001F  c_w.l(libinit2.o)
    0x08000188   0x00000000   Code   RO         2097    .ARM.Collect$$libinit$$00000021  c_w.l(libinit2.o)
    0x08000188   0x00000000   Code   RO         2099    .ARM.Collect$$libinit$$00000023  c_w.l(libinit2.o)
    0x08000188   0x00000000   Code   RO         2101    .ARM.Collect$$libinit$$00000025  c_w.l(libinit2.o)
    0x08000188   0x00000000   Code   RO         2105    .ARM.Collect$$libinit$$0000002C  c_w.l(libinit2.o)
    0x08000188   0x00000000   Code   RO         2107    .ARM.Collect$$libinit$$0000002E  c_w.l(libinit2.o)
    0x08000188   0x00000000   Code   RO         2109    .ARM.Collect$$libinit$$00000030  c_w.l(libinit2.o)
    0x08000188   0x00000000   Code   RO         2111    .ARM.Collect$$libinit$$00000032  c_w.l(libinit2.o)
    0x08000188   0x00000002   Code   RO         2112    .ARM.Collect$$libinit$$00000033  c_w.l(libinit2.o)
    0x0800018a   0x00000002   Code   RO         2142    .ARM.Collect$$libshutdown$$00000000  c_w.l(libshutdown.o)
    0x0800018c   0x00000000   Code   RO         2153    .ARM.Collect$$libshutdown$$00000002  c_w.l(libshutdown2.o)
    0x0800018c   0x00000000   Code   RO         2155    .ARM.Collect$$libshutdown$$00000004  c_w.l(libshutdown2.o)
    0x0800018c   0x00000000   Code   RO         2158    .ARM.Collect$$libshutdown$$00000007  c_w.l(libshutdown2.o)
    0x0800018c   0x00000000   Code   RO         2161    .ARM.Collect$$libshutdown$$0000000A  c_w.l(libshutdown2.o)
    0x0800018c   0x00000000   Code   RO         2163    .ARM.Collect$$libshutdown$$0000000C  c_w.l(libshutdown2.o)
    0x0800018c   0x00000000   Code   RO         2166    .ARM.Collect$$libshutdown$$0000000F  c_w.l(libshutdown2.o)
    0x0800018c   0x00000002   Code   RO         2167    .ARM.Collect$$libshutdown$$00000010  c_w.l(libshutdown2.o)
    0x0800018e   0x00000000   Code   RO         1980    .ARM.Collect$$rtentry$$00000000  c_w.l(__rtentry.o)
    0x0800018e   0x00000000   Code   RO         1998    .ARM.Collect$$rtentry$$00000002  c_w.l(__rtentry2.o)
    0x0800018e   0x00000006   Code   RO         2010    .ARM.Collect$$rtentry$$00000004  c_w.l(__rtentry4.o)
    0x08000194   0x00000000   Code   RO         2000    .ARM.Collect$$rtentry$$00000009  c_w.l(__rtentry2.o)
    0x08000194   0x00000004   Code   RO         2001    .ARM.Collect$$rtentry$$0000000A  c_w.l(__rtentry2.o)
    0x08000198   0x00000000   Code   RO         2003    .ARM.Collect$$rtentry$$0000000C  c_w.l(__rtentry2.o)
    0x08000198   0x00000008   Code   RO         2004    .ARM.Collect$$rtentry$$0000000D  c_w.l(__rtentry2.o)
    0x080001a0   0x00000002   Code   RO         2113    .ARM.Collect$$rtexit$$00000000  c_w.l(rtexit.o)
    0x080001a2   0x00000000   Code   RO         2120    .ARM.Collect$$rtexit$$00000002  c_w.l(rtexit2.o)
    0x080001a2   0x00000004   Code   RO         2121    .ARM.Collect$$rtexit$$00000003  c_w.l(rtexit2.o)
    0x080001a6   0x00000006   Code   RO         2122    .ARM.Collect$$rtexit$$00000004  c_w.l(rtexit2.o)
    0x080001ac   0x00000040   Code   RO            4    .text               startup_stm32f103xb.o
    0x080001ec   0x00000028   Code   RO         1903    .text               c_w.l(noretval__2sprintf.o)
    0x08000214   0x0000004e   Code   RO         1907    .text               c_w.l(_printf_pad.o)
    0x08000262   0x00000002   PAD
    0x08000264   0x00000078   Code   RO         1909    .text               c_w.l(_printf_dec.o)
    0x080002dc   0x00000058   Code   RO         1914    .text               c_w.l(_printf_hex_int.o)
    0x08000334   0x00000138   Code   RO         1944    .text               c_w.l(__printf_flags_wp.o)
    0x0800046c   0x0000003e   Code   RO         1956    .text               c_w.l(strlen.o)
    0x080004aa   0x0000004e   Code   RO         1958    .text               c_w.l(rt_memclr_w.o)
    0x080004f8   0x00000080   Code   RO         1960    .text               c_w.l(strcmpv7m.o)
    0x08000578   0x00000006   Code   RO         1962    .text               c_w.l(heapauxi.o)
    0x0800057e   0x000000b2   Code   RO         1981    .text               c_w.l(_printf_intcommon.o)
    0x08000630   0x0000041a   Code   RO         1983    .text               c_w.l(_printf_fp_dec.o)
    0x08000a4a   0x00000002   PAD
    0x08000a4c   0x00000030   Code   RO         1985    .text               c_w.l(_printf_char_common.o)
    0x08000a7c   0x0000000a   Code   RO         1987    .text               c_w.l(_sputc.o)
    0x08000a86   0x00000002   PAD
    0x08000a88   0x00000008   Code   RO         2015    .text               c_w.l(rt_locale_intlibspace.o)
    0x08000a90   0x0000008a   Code   RO         2017    .text               c_w.l(lludiv10.o)
    0x08000b1a   0x00000002   PAD
    0x08000b1c   0x00000080   Code   RO         2019    .text               c_w.l(_printf_fp_infnan.o)
    0x08000b9c   0x000000dc   Code   RO         2023    .text               c_w.l(bigflt0.o)
    0x08000c78   0x00000008   Code   RO         2055    .text               c_w.l(libspace.o)
    0x08000c80   0x0000004a   Code   RO         2058    .text               c_w.l(sys_stackheap_outer.o)
    0x08000cca   0x00000012   Code   RO         2060    .text               c_w.l(exit.o)
    0x08000cdc   0x0000000c   Code   RO         2132    .text               c_w.l(sys_exit.o)
    0x08000ce8   0x00000002   Code   RO         2143    .text               c_w.l(use_no_semi.o)
    0x08000cea   0x00000000   Code   RO         2145    .text               c_w.l(indicate_semi.o)
    0x08000cea   0x0000003e   Code   RO         2026    CL$$btod_d2e        c_w.l(btod.o)
    0x08000d28   0x00000046   Code   RO         2028    CL$$btod_d2e_denorm_low  c_w.l(btod.o)
    0x08000d6e   0x00000060   Code   RO         2027    CL$$btod_d2e_norm_op1  c_w.l(btod.o)
    0x08000dce   0x00000338   Code   RO         2036    CL$$btod_div_common  c_w.l(btod.o)
    0x08001106   0x000000c6   Code   RO         2033    CL$$btod_e2e        c_w.l(btod.o)
    0x080011cc   0x00000028   Code   RO         2030    CL$$btod_ediv       c_w.l(btod.o)
    0x080011f4   0x00000028   Code   RO         2029    CL$$btod_emul       c_w.l(btod.o)
    0x0800121c   0x00000244   Code   RO         2035    CL$$btod_mult_common  c_w.l(btod.o)
    0x08001460   0x00000002   Code   RO          157    i.BusFault_Handler  stm32f1xx_it.o
    0x08001462   0x00000002   Code   RO          158    i.DebugMon_Handler  stm32f1xx_it.o
    0x08001464   0x00000046   Code   RO         1089    i.HAL_DMA_Abort     stm32f1xx_hal_dma.o
    0x080014aa   0x00000002   PAD
    0x080014ac   0x00000098   Code   RO         1090    i.HAL_DMA_Abort_IT  stm32f1xx_hal_dma.o
    0x08001544   0x00000024   Code   RO          717    i.HAL_Delay         stm32f1xx_hal.o
    0x08001568   0x000001e0   Code   RO         1025    i.HAL_GPIO_Init     stm32f1xx_hal_gpio.o
    0x08001748   0x0000000c   Code   RO          721    i.HAL_GetTick       stm32f1xx_hal.o
    0x08001754   0x0000006c   Code   RO          355    i.HAL_HalfDuplex_Init  stm32f1xx_hal_uart.o
    0x080017c0   0x00000010   Code   RO          727    i.HAL_IncTick       stm32f1xx_hal.o
    0x080017d0   0x00000024   Code   RO          728    i.HAL_Init          stm32f1xx_hal.o
    0x080017f4   0x00000040   Code   RO          729    i.HAL_InitTick      stm32f1xx_hal.o
    0x08001834   0x0000003c   Code   RO          245    i.HAL_MspInit       stm32f1xx_hal_msp.o
    0x08001870   0x0000001a   Code   RO         1185    i.HAL_NVIC_EnableIRQ  stm32f1xx_hal_cortex.o
    0x0800188a   0x00000002   PAD
    0x0800188c   0x00000040   Code   RO         1191    i.HAL_NVIC_SetPriority  stm32f1xx_hal_cortex.o
    0x080018cc   0x00000024   Code   RO         1192    i.HAL_NVIC_SetPriorityGrouping  stm32f1xx_hal_cortex.o
    0x080018f0   0x0000012c   Code   RO          885    i.HAL_RCC_ClockConfig  stm32f1xx_hal_rcc.o
    0x08001a1c   0x00000020   Code   RO          892    i.HAL_RCC_GetPCLK1Freq  stm32f1xx_hal_rcc.o
    0x08001a3c   0x00000020   Code   RO          893    i.HAL_RCC_GetPCLK2Freq  stm32f1xx_hal_rcc.o
    0x08001a5c   0x0000006c   Code   RO          894    i.HAL_RCC_GetSysClockFreq  stm32f1xx_hal_rcc.o
    0x08001ac8   0x00000320   Code   RO          897    i.HAL_RCC_OscConfig  stm32f1xx_hal_rcc.o
    0x08001de8   0x00000028   Code   RO         1196    i.HAL_SYSTICK_Config  stm32f1xx_hal_cortex.o
    0x08001e10   0x00000002   Code   RO          364    i.HAL_UARTEx_RxEventCallback  stm32f1xx_hal_uart.o
    0x08001e12   0x00000002   Code   RO          378    i.HAL_UART_ErrorCallback  stm32f1xx_hal_uart.o
    0x08001e14   0x0000020c   Code   RO          381    i.HAL_UART_IRQHandler  stm32f1xx_hal_uart.o
    0x08002020   0x00000062   Code   RO          382    i.HAL_UART_Init     stm32f1xx_hal_uart.o
    0x08002082   0x00000002   PAD
    0x08002084   0x000000c8   Code   RO          247    i.HAL_UART_MspInit  stm32f1xx_hal_msp.o
    0x0800214c   0x00000002   Code   RO          388    i.HAL_UART_RxCpltCallback  stm32f1xx_hal_uart.o
    0x0800214e   0x00000002   PAD
    0x08002150   0x000000b2   Code   RO          390    i.HAL_UART_Transmit  stm32f1xx_hal_uart.o
    0x08002202   0x00000002   Code   RO          393    i.HAL_UART_TxCpltCallback  stm32f1xx_hal_uart.o
    0x08002204   0x00000002   Code   RO          159    i.HardFault_Handler  stm32f1xx_it.o
    0x08002206   0x00000002   Code   RO          160    i.MemManage_Handler  stm32f1xx_it.o
    0x08002208   0x00000002   Code   RO          161    i.NMI_Handler       stm32f1xx_it.o
    0x0800220a   0x00000002   Code   RO          162    i.PendSV_Handler    stm32f1xx_it.o
    0x0800220c   0x00000002   Code   RO          163    i.SVC_Handler       stm32f1xx_it.o
    0x0800220e   0x00000004   Code   RO          164    i.SysTick_Handler   stm32f1xx_it.o
    0x08002212   0x0000005e   Code   RO           14    i.SystemClock_Config  main.o
    0x08002270   0x00000002   Code   RO         1686    i.SystemInit        system_stm32f1xx.o
    0x08002272   0x00000010   Code   RO          395    i.UART_DMAAbortOnError  stm32f1xx_hal_uart.o
    0x08002282   0x00000030   Code   RO          405    i.UART_EndRxTransfer  stm32f1xx_hal_uart.o
    0x080022b2   0x000000b6   Code   RO          407    i.UART_Receive_IT   stm32f1xx_hal_uart.o
    0x08002368   0x000000b8   Code   RO          408    i.UART_SetConfig    stm32f1xx_hal_uart.o
    0x08002420   0x00000064   Code   RO          411    i.UART_WaitOnFlagUntilTimeout  stm32f1xx_hal_uart.o
    0x08002484   0x00000014   Code   RO          165    i.USART1_IRQHandler  stm32f1xx_it.o
    0x08002498   0x0000000c   Code   RO          166    i.USART2_IRQHandler  stm32f1xx_it.o
    0x080024a4   0x00000002   Code   RO          167    i.UsageFault_Handler  stm32f1xx_it.o
    0x080024a6   0x00000028   Code   RO         2053    i.__ARM_fpclassify  m_ws.l(fpclassify.o)
    0x080024ce   0x00000020   Code   RO         1198    i.__NVIC_SetPriority  stm32f1xx_hal_cortex.o
    0x080024ee   0x0000000e   Code   RO         1942    i._is_digit         c_w.l(__printf_wp.o)
    0x080024fc   0x00000024   Code   RO         1726    i.byteToBits        onewire.o
    0x08002520   0x00000140   Code   RO         1728    i.get_ROMid         onewire.o
    0x08002660   0x00000074   Code   RO         1729    i.get_Temperature   onewire.o
    0x080026d4   0x000000cc   Code   RO         1730    i.hasNextRom        onewire.o
    0x080027a0   0x000000e0   Code   RO           16    i.main              main.o
    0x08002880   0x00000034   Code   RO         1731    i.owCRC             onewire.o
    0x080028b4   0x00000006   Code   RO         1732    i.owCRC8            onewire.o
    0x080028ba   0x00000012   Code   RO         1733    i.owConvertTemperatureCmd  onewire.o
    0x080028cc   0x0000002c   Code   RO         1735    i.owEchoRead        onewire.o
    0x080028f8   0x0000002e   Code   RO         1736    i.owInit            onewire.o
    0x08002926   0x0000001e   Code   RO         1737    i.owMatchRomCmd     onewire.o
    0x08002944   0x00000040   Code   RO         1738    i.owReadHandler     onewire.o
    0x08002984   0x0000006e   Code   RO         1739    i.owReadScratchpadCmd  onewire.o
    0x080029f2   0x0000000c   Code   RO         1740    i.owReadSlot        onewire.o
    0x080029fe   0x00000022   Code   RO         1742    i.owResetCmd        onewire.o
    0x08002a20   0x0000002e   Code   RO         1743    i.owSearchCmd       onewire.o
    0x08002a4e   0x00000002   PAD
    0x08002a50   0x0000002c   Code   RO         1744    i.owSend            onewire.o
    0x08002a7c   0x0000001a   Code   RO         1745    i.owSendByte        onewire.o
    0x08002a96   0x00000074   Code   RO         1748    i.readTemperature   onewire.o
    0x08002b0a   0x00000002   PAD
    0x08002b0c   0x0000001c   Code   RO           17    i.uprintf           main.o
    0x08002b28   0x00000038   Code   RO         1749    i.usart_setup       onewire.o
    0x08002b60   0x0000002c   Code   RO         2049    locale$$code        c_w.l(lc_numeric_c.o)
    0x08002b8c   0x0000000c   Code   RO         1990    x$fpl$dretinf       fz_ws.l(dretinf.o)
    0x08002b98   0x00000056   Code   RO         1966    x$fpl$f2d           fz_ws.l(f2d.o)
    0x08002bee   0x00000002   PAD
    0x08002bf0   0x00000184   Code   RO         1969    x$fpl$fdiv          fz_ws.l(fdiv.o)
    0x08002d74   0x00000030   Code   RO         1973    x$fpl$fflt          fz_ws.l(fflt_clz.o)
    0x08002da4   0x0000008c   Code   RO         1992    x$fpl$fnaninf       fz_ws.l(fnaninf.o)
    0x08002e30   0x0000000a   Code   RO         1994    x$fpl$fretinf       fz_ws.l(fretinf.o)
    0x08002e3a   0x00000004   Code   RO         1978    x$fpl$printf1       fz_ws.l(printf1.o)
    0x08002e3e   0x00000000   Code   RO         1996    x$fpl$usenofp       fz_ws.l(usenofp.o)
    0x08002e3e   0x00000010   Data   RO         1687    .constdata          system_stm32f1xx.o
    0x08002e4e   0x00000008   Data   RO         1688    .constdata          system_stm32f1xx.o
    0x08002e56   0x00000028   Data   RO         1915    .constdata          c_w.l(_printf_hex_int.o)
    0x08002e7e   0x00000011   Data   RO         1945    .constdata          c_w.l(__printf_flags_wp.o)
    0x08002e8f   0x00000001   PAD
    0x08002e90   0x00000094   Data   RO         2024    .constdata          c_w.l(bigflt0.o)
    0x08002f24   0x00000020   Data   RO         2192    Region$$Table       anon$$obj.o
    0x08002f44   0x0000001c   Data   RO         2048    locale$$data        c_w.l(lc_numeric_c.o)


    Execution Region RW_IRAM1 (Base: 0x20000000, Size: 0x00000788, Max: 0x00005000, ABSOLUTE)

    Base Addr    Size         Type   Attr      Idx    E Section Name        Object

    0x20000000   0x00000008   Data   RW           19    .data               main.o
    0x20000008   0x0000000c   Data   RW          735    .data               stm32f1xx_hal.o
    0x20000014   0x00000004   Data   RW         1689    .data               system_stm32f1xx.o
    0x20000018   0x00000018   Data   RW         1751    .data               onewire.o
    0x20000030   0x000000a8   Zero   RW           18    .bss                main.o
    0x200000d8   0x0000004c   Zero   RW         1750    .bss                onewire.o
    0x20000124   0x00000060   Zero   RW         2056    .bss                c_w.l(libspace.o)
    0x20000184   0x00000004   PAD
    0x20000188   0x00000200   Zero   RW            2    HEAP                startup_stm32f103xb.o
    0x20000388   0x00000400   Zero   RW            1    STACK               startup_stm32f103xb.o


==============================================================================

Image component sizes


      Code (inc. data)   RO Data    RW Data    ZI Data      Debug   Object Name

       346         52          0          8        168     395404   main.o
      1380        158          0         24         76      13512   onewire.o
        64         26        236          0       1536        768   startup_stm32f103xb.o
       164         28          0         12          0       5569   stm32f1xx_hal.o
       198         14          0          0          0      28695   stm32f1xx_hal_cortex.o
       222          4          0          0          0       1647   stm32f1xx_hal_dma.o
       480         34          0          0          0       2180   stm32f1xx_hal_gpio.o
       260         26          0          0          0       1565   stm32f1xx_hal_msp.o
      1272        100          0          0          0       4952   stm32f1xx_hal_rcc.o
      1446         10          0          0          0       9802   stm32f1xx_hal_uart.o
        52         10          0          0          0       4338   stm32f1xx_it.o
         2          0         24          4          0        995   system_stm32f1xx.o

    ----------------------------------------------------------------------
      5898        462        292         48       1780     469427   Object Totals
         0          0         32          0          0          0   (incl. Generated)
        12          0          0          0          0          0   (incl. Padding)

    ----------------------------------------------------------------------

      Code (inc. data)   RO Data    RW Data    ZI Data      Debug   Library Member Name

         8          0          0          0          0         68   __main.o
       312          4         17          0          0         92   __printf_flags_wp.o
        14          0          0          0          0         68   __printf_wp.o
         0          0          0          0          0          0   __rtentry.o
        12          0          0          0          0          0   __rtentry2.o
         6          0          0          0          0          0   __rtentry4.o
        52          8          0          0          0          0   __scatter.o
        26          0          0          0          0          0   __scatter_copy.o
        28          0          0          0          0          0   __scatter_zi.o
        48          6          0          0          0         96   _printf_char_common.o
         6          0          0          0          0          0   _printf_d.o
       120         16          0          0          0         92   _printf_dec.o
         6          0          0          0          0          0   _printf_f.o
      1050          0          0          0          0        216   _printf_fp_dec.o
       128         16          0          0          0         84   _printf_fp_infnan.o
        88          4         40          0          0         88   _printf_hex_int.o
       178          0          0          0          0         88   _printf_intcommon.o
        78          0          0          0          0        108   _printf_pad.o
         0          0          0          0          0          0   _printf_percent.o
         4          0          0          0          0          0   _printf_percent_end.o
         6          0          0          0          0          0   _printf_x.o
        10          0          0          0          0         68   _sputc.o
       220          4        148          0          0         96   bigflt0.o
      1910        128          0          0          0        672   btod.o
        18          0          0          0          0         80   exit.o
         6          0          0          0          0        152   heapauxi.o
         0          0          0          0          0          0   indicate_semi.o
        44         10         28          0          0         76   lc_numeric_c.o
         2          0          0          0          0          0   libinit.o
        18          0          0          0          0          0   libinit2.o
         2          0          0          0          0          0   libshutdown.o
         2          0          0          0          0          0   libshutdown2.o
         8          4          0          0         96         68   libspace.o
       138          0          0          0          0         80   lludiv10.o
        40          6          0          0          0         84   noretval__2sprintf.o
         8          4          0          0          0         68   rt_locale_intlibspace.o
        78          0          0          0          0         80   rt_memclr_w.o
         2          0          0          0          0          0   rtexit.o
        10          0          0          0          0          0   rtexit2.o
       128          0          0          0          0         68   strcmpv7m.o
        62          0          0          0          0         76   strlen.o
        12          4          0          0          0         68   sys_exit.o
        74          0          0          0          0         80   sys_stackheap_outer.o
         2          0          0          0          0         68   use_no_semi.o
        12          0          0          0          0         68   dretinf.o
        86          4          0          0          0         84   f2d.o
       388         76          0          0          0         96   fdiv.o
        48          0          0          0          0         68   fflt_clz.o
       140          4          0          0          0         84   fnaninf.o
        10          0          0          0          0         68   fretinf.o
         4          0          0          0          0         68   printf1.o
         0          0          0          0          0          0   usenofp.o
        40          0          0          0          0         68   fpclassify.o

    ----------------------------------------------------------------------
      5704        298        234          0        100       3488   Library Totals
        12          0          1          0          4          0   (incl. Padding)

    ----------------------------------------------------------------------

      Code (inc. data)   RO Data    RW Data    ZI Data      Debug   Library Name

      4964        214        233          0         96       2884   c_w.l
       688         84          0          0          0        536   fz_ws.l
        40          0          0          0          0         68   m_ws.l

    ----------------------------------------------------------------------
      5704        298        234          0        100       3488   Library Totals

    ----------------------------------------------------------------------

==============================================================================


      Code (inc. data)   RO Data    RW Data    ZI Data      Debug   

     11602        760        526         48       1880     467711   Grand Totals
     11602        760        526         48       1880     467711   ELF Image Totals
     11602        760        526         48          0          0   ROM Totals

==============================================================================

    Total RO  Size (Code + RO Data)                12128 (  11.84kB)
    Total RW  Size (RW Data + ZI Data)              1928 (   1.88kB)
    Total ROM Size (Code + RO Data + RW Data)      12176 (  11.89kB)

==============================================================================

